Archive member included because of file (symbol)

C:\u-boot-2009.11-cloud\cpu\mpc85xx\libmpc85xx.a(cpu_init.o)
                              start.o (cpu_init_f)
C:\u-boot-2009.11-cloud\cpu\mpc85xx\libmpc85xx.a(cpu_init_early.o)
                              start.o (cpu_init_early_f)
C:\u-boot-2009.11-cloud\cpu\mpc85xx\libmpc85xx.a(tlb.o)
                              C:\u-boot-2009.11-cloud\cpu\mpc85xx\libmpc85xx.a(cpu_init_early.o) (invalidate_tlb)
C:\u-boot-2009.11-cloud\cpu\mpc85xx\libmpc85xx.a(traps.o)
                              start.o (DebugException)
C:\u-boot-2009.11-cloud\cpu\mpc85xx\libmpc85xx.a(mp.o)
                              C:\u-boot-2009.11-cloud\cpu\mpc85xx\libmpc85xx.a(cpu_init.o) (setup_mp)
C:\u-boot-2009.11-cloud\cpu\mpc85xx\libmpc85xx.a(release.o)
                              C:\u-boot-2009.11-cloud\cpu\mpc85xx\libmpc85xx.a(mp.o) (__secondary_start_page)
C:\u-boot-2009.11-cloud\lib_ppc\libppc.a(ppcstring.o)
                              C:\u-boot-2009.11-cloud\cpu\mpc85xx\libmpc85xx.a(mp.o) (memcpy)
C:\u-boot-2009.11-cloud\lib_ppc\libppc.a(board.o)
                              C:\u-boot-2009.11-cloud\cpu\mpc85xx\libmpc85xx.a(traps.o) (get_effective_memsize)
C:\u-boot-2009.11-cloud\lib_ppc\libppc.a(extable.o)
                              C:\u-boot-2009.11-cloud\cpu\mpc85xx\libmpc85xx.a(traps.o) (search_exception_table)
C:\u-boot-2009.11-cloud\lib_ppc\libppc.a(interrupts.o)
                              C:\u-boot-2009.11-cloud\lib_ppc\libppc.a(board.o) (set_timer)
C:\u-boot-2009.11-cloud\lib_ppc\libppc.a(time.o)
                              C:\u-boot-2009.11-cloud\lib_ppc\libppc.a(board.o) (init_timebase)
C:\u-boot-2009.11-cloud\lib_ppc\libppc.a(ticks.o)
                              C:\u-boot-2009.11-cloud\lib_ppc\libppc.a(time.o) (wait_ticks)
C:\u-boot-2009.11-cloud\net\libnet.a(eth.o)
                              C:\u-boot-2009.11-cloud\lib_ppc\libppc.a(board.o) (eth_getenv_enetaddr)
C:\u-boot-2009.11-cloud\net\libnet.a(net.o)
                              C:\u-boot-2009.11-cloud\lib_ppc\libppc.a(board.o) (copy_filename)
C:\u-boot-2009.11-cloud\net\libnet.a(nfs.o)
                              C:\u-boot-2009.11-cloud\net\libnet.a(net.o) (NfsStart)
C:\u-boot-2009.11-cloud\net\libnet.a(rarp.o)
                              C:\u-boot-2009.11-cloud\net\libnet.a(net.o) (RarpTry)
C:\u-boot-2009.11-cloud\net\libnet.a(tftp.o)
                              C:\u-boot-2009.11-cloud\net\libnet.a(net.o) (TftpStart)
C:\u-boot-2009.11-cloud\net\libnet.a(bootp.o)
                              C:\u-boot-2009.11-cloud\net\libnet.a(net.o) (BootpTry)
C:\u-boot-2009.11-cloud\drivers\i2c\libi2c.a(fsl_i2c.o)
                              C:\u-boot-2009.11-cloud\lib_ppc\libppc.a(board.o) (i2c_init)
C:\u-boot-2009.11-cloud\drivers\misc\libmisc.a(fsl_law.o)
                              C:\u-boot-2009.11-cloud\cpu\mpc85xx\libmpc85xx.a(cpu_init_early.o) (init_laws)
C:\u-boot-2009.11-cloud\drivers\mtd\libmtd.a(cfi_flash.o)
                              C:\u-boot-2009.11-cloud\lib_ppc\libppc.a(board.o) (flash_init)
C:\u-boot-2009.11-cloud\drivers\mtd\nand\libnand.a(nand.o)
                              C:\u-boot-2009.11-cloud\lib_ppc\libppc.a(board.o) (nand_init)
C:\u-boot-2009.11-cloud\drivers\mtd\nand\libnand.a(nand_base.o)
                              C:\u-boot-2009.11-cloud\drivers\mtd\nand\libnand.a(nand.o) (nand_scan)
C:\u-boot-2009.11-cloud\drivers\mtd\nand\libnand.a(nand_bbt.o)
                              C:\u-boot-2009.11-cloud\drivers\mtd\nand\libnand.a(nand_base.o) (nand_isbad_bbt)
C:\u-boot-2009.11-cloud\drivers\mtd\nand\libnand.a(nand_ecc.o)
                              C:\u-boot-2009.11-cloud\drivers\mtd\nand\libnand.a(nand_base.o) (nand_calculate_ecc)
C:\u-boot-2009.11-cloud\drivers\mtd\nand\libnand.a(nand_ids.o)
                              C:\u-boot-2009.11-cloud\drivers\mtd\nand\libnand.a(nand_base.o) (nand_flash_ids)
C:\u-boot-2009.11-cloud\drivers\mtd\nand\libnand.a(fsl_elbc_nand.o)
                              C:\u-boot-2009.11-cloud\drivers\mtd\nand\libnand.a(nand.o) (board_nand_init)
C:\u-boot-2009.11-cloud\drivers\spi\libspi.a(fsl_espi.o)
                              C:\u-boot-2009.11-cloud\lib_ppc\libppc.a(board.o) (spi_init)
C:\u-boot-2009.11-cloud\cpu\mpc8xxx\lib8xxx.a(cpu.o)
                              C:\u-boot-2009.11-cloud\cpu\mpc85xx\libmpc85xx.a(mp.o) (cpu_numcores)
C:\u-boot-2009.11-cloud\common\libcommon.a(cmd_bdinfo.o)
                              (__u_boot_cmd_bdinfo)
C:\u-boot-2009.11-cloud\common\libcommon.a(cmd_boot.o)
                              (__u_boot_cmd_go)
C:\u-boot-2009.11-cloud\common\libcommon.a(cmd_bootm.o)
                              C:\u-boot-2009.11-cloud\lib_ppc\libppc.a(board.o) (load_addr)
C:\u-boot-2009.11-cloud\common\libcommon.a(cmd_elf.o)
                              C:\u-boot-2009.11-cloud\common\libcommon.a(cmd_bootm.o) (do_bootvx)
C:\u-boot-2009.11-cloud\common\libcommon.a(cmd_fdt.o)
[...]
Memory Configuration

Name             Origin             Length             Attributes
*default*        0x0000000000000000 0xffffffffffffffff

Linker script and memory map

                0x0000000000000074                . = SIZEOF_HEADERS

.interp
 *(.interp)

.hash
 *(.hash)

.dynsym
 *(.dynsym)

.dynstr
 *(.dynstr)

.rela.dyn       0x0000000000000074        0x0
 .rela.got2     0x0000000000000000        0x0 start.o
 .rela.data.rel
                0x0000000000000000        0x0 start.o
 .rela.u_boot_cmd
                0x0000000000000000        0x0 start.o
 .rela.data.rel.ro
                0x0000000000000000        0x0 start.o

.rel.text
 *(.rel.text)

.rela.text      0x0000000000000074        0x0
 *(.rela.text)
 .rela.text     0x0000000000000000        0x0 start.o

.rel.data
 *(.rel.data)

.rela.data
 *(.rela.data)

.rel.rodata
 *(.rel.rodata)

.rela.rodata
 *(.rela.rodata)

.rel.got
 *(.rel.got)

.rela.got
 *(.rela.got)

.rel.ctors
 *(.rel.ctors)

.rela.ctors
 *(.rela.ctors)

.rel.dtors
 *(.rel.dtors)

.rela.dtors
 *(.rela.dtors)

.rel.bss
 *(.rel.bss)

.rela.bss
 *(.rela.bss)

.rel.plt
 *(.rel.plt)

.rela.plt
 *(.rela.plt)

.init
 *(.init)

.plt
 *(.plt)

.text           0x0000000011000000    0x34810
 *(.text)
 .text          0x0000000011000000     0x1850 start.o
                0x0000000011000000                _start
                0x0000000011000004                version_string
                0x0000000011000030                _start_cont
                0x0000000011000100                _start_of_vectors
                0x0000000011000f98                _end_of_vectors
                0x0000000011001000                transfer_to_handler
                0x000000001100133c                invalidate_icache
                0x0000000011001358                invalidate_dcache
                0x0000000011001374                icache_enable
                0x000000001100139c                icache_disable
                0x00000000110013b8                icache_status
                0x00000000110013c4                dcache_enable
                0x00000000110013f4                dcache_disable
                0x0000000011001410                dcache_status
                0x000000001100141c                get_pir
                0x0000000011001424                get_pvr
                0x000000001100142c                get_svr
                0x0000000011001434                wr_tcr
                0x000000001100143c                in8
                0x0000000011001444                out8
                0x0000000011001450                out16
                0x000000001100145c                out16r
                0x0000000011001468                out32
                0x0000000011001474                out32r
                0x0000000011001480                in16
                0x0000000011001488                in16r
                0x0000000011001490                in32
                0x0000000011001498                in32r
                0x00000000110014a0                write_tlb
                0x00000000110014c8                relocate_code
                0x000000001100159c                in_ram
                0x000000001100162c                trap_init
                0x00000000110016e8                unlock_ram_in_cache
                0x000000001100173c                flush_dcache
                0x00000000110017a8                setup_ivors
 .text          0x0000000011001850        0x0 C:\u-boot-2009.11-cloud\cpu\mpc85xx\start.o
 .text          0x0000000011001850        0x0 C:\u-boot-2009.11-cloud\cpu\mpc85xx\resetvec.o
 .text          0x0000000011001850      0x29c C:\u-boot-2009.11-cloud\cpu\mpc85xx\libmpc85xx.a(cpu_init.o)
                0x0000000011001850                arch_preboot_os
                0x000000001100189c                cpu_init_r
                0x0000000011001a44                cpu_init_f
 .text          0x0000000011001aec       0xf0 C:\u-boot-2009.11-cloud\cpu\mpc85xx\libmpc85xx.a(cpu_init_early.o)
                0x0000000011001aec                cpu_init_early_f
 .text          0x0000000011001bdc      0x2dc C:\u-boot-2009.11-cloud\cpu\mpc85xx\libmpc85xx.a(tlb.o)
                0x0000000011001bdc                invalidate_tlb
                0x0000000011001c04                disable_tlb
                0x0000000011001c34                find_tlb_idx
                0x0000000011001c6c                set_tlb
                0x0000000011001ce4                setup_ddr_tlbs
                0x0000000011001e48                init_tlbs
 .text          0x0000000011001eb8      0x620 C:\u-boot-2009.11-cloud\cpu\mpc85xx\libmpc85xx.a(traps.o)
                0x0000000011001eb8                addr_probe
                0x0000000011001ec0                show_regs
                0x0000000011001f98                DebugException
                0x0000000011001fe4                PITException
                0x0000000011002028                CritcalInputException
                0x0000000011002064                print_backtrace
                0x000000001100211c                ExtIntException
                0x0000000011002190                ProgramCheckException
                0x0000000011002210                AlignmentException
                0x000000001100225c                MachineCheckException
                0x0000000011002424                _exception
                0x0000000011002480                UnknownException
 .text          0x00000000110024d8      0x504 C:\u-boot-2009.11-cloud\cpu\mpc85xx\libmpc85xx.a(mp.o)
                0x00000000110024d8                get_my_id
                0x00000000110024e0                cpu_reset
                0x000000001100251c                determine_mp_bootpg
                0x000000001100253c                get_spin_phys_addr
                0x0000000011002584                get_spin_virt_addr
                0x00000000110025c4                setup_mp
                0x00000000110027f4                cpu_status
                0x00000000110028ac                cpu_mp_lmb_reserve
                0x00000000110028f8                cpu_release
 *fill*         0x00000000110029dc      0x624 00
 .text          0x0000000011003000     0x1000 C:\u-boot-2009.11-cloud\cpu\mpc85xx\libmpc85xx.a(release.o)
                0x0000000011003000                __secondary_start_page
                0x0000000011003268                __bootpg_addr
                0x0000000011003280                __spin_table
 .text          0x0000000011004000      0x29c C:\u-boot-2009.11-cloud\lib_ppc\libppc.a(ppcstring.o)
                0x0000000011004000                strcpy
                0x000000001100401c                strncpy
                0x0000000011004044                strcat
                0x0000000011004070                strcmp
                0x0000000011004094                strlen
                0x00000000110040ac                memset
                0x0000000011004108                bcopy
                0x0000000011004118                memmove
                0x0000000011004120                memcpy
                0x00000000110041bc                backwards_memcpy
                0x0000000011004244                memcmp
                0x0000000011004274                memchr
 .text          0x000000001100429c      0x4ec C:\u-boot-2009.11-cloud\lib_ppc\libppc.a(board.o)
                0x000000001100429c                board_add_ram_info
                0x000000001100429c                __board_add_ram_info
                0x00000000110042a0                get_effective_memsize
                0x0000000011004450                hang
                0x0000000011004484                board_init_r
                0x000000001100461c                board_init_f
 .text          0x0000000011004788       0x64 C:\u-boot-2009.11-cloud\lib_ppc\libppc.a(extable.o)
                0x0000000011004788                search_exception_table
 .text          0x00000000110047ec      0x1a0 C:\u-boot-2009.11-cloud\lib_ppc\libppc.a(interrupts.o)
                0x00000000110047ec                enable_interrupts
                0x00000000110047fc                disable_interrupts
                0x0000000011004810                reset_timer
                0x0000000011004850                get_timer
                0x0000000011004890                set_timer
                0x00000000110048cc                timer_interrupt
                0x0000000011004928                interrupt_init
 .text          0x000000001100498c      0x13c C:\u-boot-2009.11-cloud\lib_ppc\libppc.a(time.o)
                0x000000001100498c                init_timebase
                0x00000000110049a0                ticks2usec
                0x00000000110049e8                usec2ticks
                0x0000000011004a60                udelay
 .text          0x0000000011004ac8       0x44 C:\u-boot-2009.11-cloud\lib_ppc\libppc.a(ticks.o)
                0x0000000011004ac8                get_ticks
                0x0000000011004ae0                wait_ticks
 .text          0x0000000011004b0c      0xa24 C:\u-boot-2009.11-cloud\net\libnet.a(eth.o)
                0x0000000011004b14                eth_get_dev
                0x0000000011004b50                eth_get_dev_by_index
                0x0000000011004bbc                eth_get_dev_index
                0x0000000011004c34                eth_halt
                0x0000000011004c90                eth_send
                0x0000000011004cf4                eth_rx
                0x0000000011004d4c                eth_get_name
                0x0000000011004d94                eth_get_dev_by_name
                0x0000000011004e0c                eth_set_current
                0x0000000011004ed0                eth_try_another
                0x0000000011004fa0                eth_register
                0x0000000011005060                eth_setenv_enetaddr
                0x00000000110050b8                eth_parse_enetaddr
                0x0000000011005148                eth_getenv_enetaddr
                0x00000000110051d0                eth_getenv_enetaddr_by_index
                0x0000000011005234                eth_init
                0x000000001100531c                eth_initialize
 .text          0x0000000011005530     0x1670 C:\u-boot-2009.11-cloud\net\libnet.a(net.o)
                0x0000000011005574                NetSetHandler
                0x00000000110055b0                NetCksum
                0x0000000011005618                NetCksumOk
                0x0000000011005660                NetEthHdrSize
                0x00000000110056c4                copy_filename
                0x0000000011005740                string_to_VLAN
                0x00000000110057a8                getenv_VLAN
                0x00000000110057e4                string_to_ip
                0x0000000011005880                getenv_IPaddr
                0x00000000110058bc                VLAN_to_string
                0x0000000011005924                ip_to_string
                0x0000000011005978                random_port
                0x00000000110059bc                NetSetTimeout
                0x0000000011005a54                NetSetIP
                0x0000000011005b3c                NetSetEther
                0x0000000011005c78                NetSendPacket
                0x0000000011005cb0                NetReceive
                0x0000000011006184                ArpRequest
                0x00000000110062c4                PingSend
                0x0000000011006434                NetSendUDPPacket
                0x00000000110065dc                NetStartAgain
                0x0000000011006714                ArpTimeoutCheck
                0x00000000110067ac                NetLoop
 .text          0x0000000011006ba0      0xfb4 C:\u-boot-2009.11-cloud\net\libnet.a(nfs.o)
                0x0000000011007490                NfsStart
 .text          0x0000000011007b54      0x1dc C:\u-boot-2009.11-cloud\net\libnet.a(rarp.o)
                0x0000000011007b54                RarpRequest
 .text          0x0000000011007d30      0x71c C:\u-boot-2009.11-cloud\net\libnet.a(tftp.o)
                0x0000000011007eac                TftpStart
 .text          0x000000001100844c      0x690 C:\u-boot-2009.11-cloud\net\libnet.a(bootp.o)
                0x00000000110088d0                BootpRequest
 .text          0x0000000011008adc      0xa00 C:\u-boot-2009.11-cloud\drivers\i2c\libi2c.a(fsl_i2c.o)
                0x0000000011008adc                i2c_set_bus_num
                0x0000000011008b2c                i2c_get_bus_num
                0x0000000011008b68                i2c_get_bus_speed
                0x0000000011008d04                i2c_set_bus_speed
                0x0000000011008f58                i2c_write
                0x00000000110090cc                i2c_read
                0x0000000011009324                i2c_probe
                0x00000000110093a8                i2c_init
 .text          0x00000000110094dc      0x5c8 C:\u-boot-2009.11-cloud\drivers\misc\libmisc.a(fsl_law.o)
                0x00000000110094dc                set_law
                0x0000000011009544                disable_law
                0x0000000011009594                set_next_law
                0x0000000011009614                set_last_law
                0x0000000011009694                find_law
                0x0000000011009784                set_ddr_laws
                0x000000001100997c                init_laws
                0x0000000011009a10                print_laws
 .text          0x0000000011009aa4     0x1b1c C:\u-boot-2009.11-cloud\drivers\mtd\libmtd.a(cfi_flash.o)
                0x0000000011009aa4                flash_sector_size
                0x0000000011009b74                flash_write_cmd
                0x0000000011009ef4                __flash_cmd_reset
                0x0000000011009ef4                flash_cmd_reset
                0x0000000011009f50                flash_set_verbose
                0x0000000011009f8c                flash_get_size
                0x000000001100a7d4                flash_init
                0x000000001100a828                flash_print_info
                0x000000001100b0a8                write_buff
                0x000000001100b3b0                flash_erase
 .text          0x000000001100b5c0       0xe0 C:\u-boot-2009.11-cloud\drivers\mtd\nand\libnand.a(nand.o)
                0x000000001100b5c0                nand_init
 .text          0x000000001100b6a0     0x3f10 C:\u-boot-2009.11-cloud\drivers\mtd\nand\libnand.a(nand_base.o)
                0x000000001100cba4                nand_release
                0x000000001100cc58                nand_scan_tail
                0x000000001100d44c                nand_scan_ident
                0x000000001100da04                nand_scan
                0x000000001100e428                nand_erase_nand
                0x000000001100e90c                nand_wait_ready
 .text          0x000000001100f5b0     0x1964 C:\u-boot-2009.11-cloud\drivers\mtd\nand\libnand.a(nand_bbt.o)
                0x000000001100f600                nand_isbad_bbt
                0x00000000110106c4                nand_update_bbt
                0x00000000110109f8                nand_scan_bbt
                0x0000000011010e10                nand_default_bbt
 .text          0x0000000011010f14      0x25c C:\u-boot-2009.11-cloud\drivers\mtd\nand\libnand.a(nand_ecc.o)
                0x0000000011010f14                nand_calculate_ecc
                0x0000000011011030                nand_correct_data
 .text          0x0000000011011170        0x0 C:\u-boot-2009.11-cloud\drivers\mtd\nand\libnand.a(nand_ids.o)
 .text          0x0000000011011170      0xdac C:\u-boot-2009.11-cloud\drivers\mtd\nand\libnand.a(fsl_elbc_nand.o)
                0x0000000011011248                board_nand_init
 .text          0x0000000011011f1c      0x398 C:\u-boot-2009.11-cloud\drivers\spi\libspi.a(fsl_espi.o)
                0x0000000011011f1c                spi_init
                0x0000000011011f20                spi_claim_bus
                0x0000000011011f28                spi_release_bus
                0x0000000011011f2c                spi_cs_is_valid
                0x0000000011011f48                spi_cs_activate
                0x0000000011011f78                spi_cs_deactivate
                0x0000000011011f9c                espi_xfer
                0x00000000110120f0                spi_free_slave
                0x0000000011012110                spi_setup_slave
 .text          0x00000000110122b4      0x108 C:\u-boot-2009.11-cloud\cpu\mpc8xxx\lib8xxx.a(cpu.o)
                0x00000000110122b4                identify_cpu
                0x0000000011012328                cpu_numcores
                0x0000000011012334                cpu_eth_init
                0x0000000011012370                probecpu
 .text          0x00000000110123bc      0x1b0 C:\u-boot-2009.11-cloud\common\libcommon.a(cmd_bdinfo.o)
                0x0000000011012430                do_bdinfo
 .text          0x000000001101256c       0xc8 C:\u-boot-2009.11-cloud\common\libcommon.a(cmd_boot.o)
                0x000000001101256c                do_go_exec
                0x000000001101259c                do_go
 .text          0x0000000011012634     0x1438 C:\u-boot-2009.11-cloud\common\libcommon.a(cmd_bootm.o)
                0x0000000011012634                __board_lmb_reserve
                0x0000000011012638                __arch_lmb_reserve
                0x000000001101263c                __arch_preboot_os
                0x0000000011012880                do_iminfo
                0x000000001101291c                do_bootd
                0x0000000011013510                do_bootm_subcommand
                0x00000000110137b4                do_bootm
 .text          0x0000000011013a6c      0x4c0 C:\u-boot-2009.11-cloud\common\libcommon.a(cmd_elf.o)
                0x0000000011013a6c                load_elf_image
                0x0000000011013b24                valid_elf_image
                0x0000000011013b90                do_bootvx
                0x0000000011013e00                do_bootelf_exec
                0x0000000011013e74                do_bootelf
 .text          0x0000000011013f2c      0xe54 C:\u-boot-2009.11-cloud\common\libcommon.a(cmd_fdt.o)
                0x00000000110141e4                set_working_fdt_addr
                0x0000000011014240                do_fdt
 .text          0x0000000011014d80      0xad0 C:\u-boot-2009.11-cloud\common\libcommon.a(cmd_flash.o)
                0x0000000011014d80                flash_sect_roundb
                0x0000000011014fcc                flash_sect_protect
                0x0000000011015318                do_protect
                0x00000000110155ac                flash_sect_erase
                0x0000000011015650                do_flerase
                0x00000000110157d0                do_flinfo
 .text          0x0000000011015850      0x364 C:\u-boot-2009.11-cloud\common\libcommon.a(cmd_itest.o)
                0x00000000110158cc                binary_test
                0x0000000011015aec                do_itest
 .text          0x0000000011015bb4      0xeec C:\u-boot-2009.11-cloud\common\libcommon.a(cmd_load.o)
                0x0000000011015bb4                ktrans
                0x0000000011015bdc                chk1
                0x0000000011015cc4                k_data_init
                0x0000000011015d14                k_data_save
                0x0000000011015d64                k_data_restore
                0x0000000011015db4                k_data_char
                0x0000000011015e40                send_pad
                0x0000000011015e98                s1_sendpacket
                0x0000000011015eec                handle_send_packet
                0x000000001101610c                send_nack
                0x0000000011016198                send_ack
                0x0000000011016224                do_load_serial_bin
                0x00000000110168f8                do_load_serial
 .text          0x0000000011016aa0        0x0 C:\u-boot-2009.11-cloud\common\libcommon.a(cmd_mac.o)
 .text          0x0000000011016aa0      0xb04 C:\u-boot-2009.11-cloud\common\libcommon.a(cmd_mem.o)
                0x0000000011016aa0                do_mem_crc
                0x0000000011016b70                do_mem_base
                0x0000000011016bd8                do_mem_mtest
                0x0000000011016db8                do_mem_loop
                0x0000000011016ed8                do_mem_cmp
                0x0000000011017064                do_mem_mw
                0x0000000011017160                do_mem_cp
                0x0000000011017468                do_mem_nm
                0x0000000011017484                do_mem_mm
                0x00000000110174a0                do_mem_md
 .text          0x00000000110175a4      0x830 C:\u-boot-2009.11-cloud\common\libcommon.a(cmd_mii.o)
                0x000000001101761c                MII_dump_0_to_5
                0x00000000110178d0                do_mii
 .text          0x0000000011017dd4       0xac C:\u-boot-2009.11-cloud\common\libcommon.a(cmd_misc.o)
                0x0000000011017dd4                do_sleep
 .text          0x0000000011017e80      0x118 C:\u-boot-2009.11-cloud\common\libcommon.a(cmd_mp.o)
                0x0000000011017e80                cpu_cmd
 .text          0x0000000011017f98      0xef4 C:\u-boot-2009.11-cloud\common\libcommon.a(cmd_nand.o)
                0x0000000011018160                do_nandboot
                0x0000000011018704                do_nand
 .text          0x0000000011018e8c      0x3bc C:\u-boot-2009.11-cloud\common\libcommon.a(cmd_net.o)
                0x0000000011018e8c                do_ping
                0x0000000011019218                do_nfs
                0x0000000011019224                do_rarpb
                0x0000000011019230                do_tftpb
                0x000000001101923c                do_bootp
 .text          0x0000000011019248      0xa20 C:\u-boot-2009.11-cloud\common\libcommon.a(cmd_nvedit.o)
                0x0000000011019248                get_env_id
                0x0000000011019284                envmatch
                0x0000000011019314                getenv_r
                0x00000000110193f4                do_saveenv
                0x0000000011019448                getenv
                0x00000000110194e4                _do_setenv
                0x000000001101992c                do_setenv
                0x0000000011019988                setenv
                0x0000000011019a00                do_editenv
                0x0000000011019bac                do_printenv
 .text          0x0000000011019c68      0x180 C:\u-boot-2009.11-cloud\common\libcommon.a(cmd_setexpr.o)
                0x0000000011019c68                do_setexpr
 .text          0x0000000011019de8      0x410 C:\u-boot-2009.11-cloud\common\libcommon.a(cmd_sf.o)
 .text          0x000000001101a1f8      0x2a8 C:\u-boot-2009.11-cloud\common\libcommon.a(cmd_source.o)
                0x000000001101a1f8                source
                0x000000001101a400                do_source
 .text          0x000000001101a4a0      0xb28 C:\u-boot-2009.11-cloud\common\libcommon.a(command.o)
                0x000000001101a4a0                cmd_get_data_size
                0x000000001101a520                do_version
                0x000000001101a564                cmd_usage
                0x000000001101a5e4                do_echo
                0x000000001101a698                find_cmd_tbl
                0x000000001101a75c                find_cmd
                0x000000001101a7b0                _do_help
                0x000000001101a98c                do_help
                0x000000001101a9f8                do_exit
                0x000000001101aa4c                do_test
 .text          0x000000001101afc8      0x9c8 C:\u-boot-2009.11-cloud\common\libcommon.a(console.o)
                0x000000001101b098                fgetc
                0x000000001101b0f4                ftstc
                0x000000001101b150                fputc
                0x000000001101b1a8                fputs
                0x000000001101b200                disable_ctrlc
                0x000000001101b244                had_ctrlc
                0x000000001101b280                clear_ctrlc
                0x000000001101b2c0                dbg
                0x000000001101b2c4                console_init_f
                0x000000001101b2d4                getc
                0x000000001101b324                tstc
                0x000000001101b374                ctrlc
                0x000000001101b3f0                putc
                0x000000001101b444                puts
                0x000000001101b498                search_device
                0x000000001101b4fc                console_assign
                0x000000001101b578                vprintf
                0x000000001101b5cc                printf
                0x000000001101b658                stdio_print_current_devices
                0x000000001101b71c                console_init_r
                0x000000001101b878                fprintf
                0x000000001101b904                serial_printf
 .text          0x000000001101b990     0x1290 C:\u-boot-2009.11-cloud\common\libcommon.a(dlmalloc.o)
                0x000000001101b990                sbrk
                0x000000001101ba00                malloc_trim
                0x000000001101bae8                free
                0x000000001101bd58                cfree
                0x000000001101bd90                malloc
                0x000000001101c3a4                memalign
                0x000000001101c4e4                pvalloc
                0x000000001101c528                valloc
                0x000000001101c568                malloc_usable_size
                0x000000001101c5a8                mallopt
                0x000000001101c644                calloc
                0x000000001101c750                mem_malloc_init
                0x000000001101c7ac                realloc
 .text          0x000000001101cc20      0x238 C:\u-boot-2009.11-cloud\common\libcommon.a(env_common.o)
                0x000000001101cc20                env_get_char_memory
                0x000000001101cc70                env_get_addr
                0x000000001101ccc0                env_get_char
                0x000000001101cd24                env_crc_update
                0x000000001101cd74                set_default_env
                0x000000001101cddc                env_relocate
 .text          0x000000001101ce58      0x254 C:\u-boot-2009.11-cloud\common\libcommon.a(env_sf.o)
                0x000000001101ce58                env_get_char_spec
                0x000000001101ce64                env_init
                0x000000001101ceac                env_relocate_spec
                0x000000001101cf74                saveenv
 .text          0x000000001101d0ac      0x11c C:\u-boot-2009.11-cloud\common\libcommon.a(exports.o)
                0x000000001101d0b0                get_version
                0x000000001101d0b8                jumptable_init
 .text          0x000000001101d1c8      0xf38 C:\u-boot-2009.11-cloud\common\libcommon.a(fdt_support.o)
                0x000000001101d1c8                fdt_del_node_by_path
                0x000000001101d21c                fdt_resize
                0x000000001101d308                fdt_fixup_crypto_node
                0x000000001101d540                fdt_initrd
                0x000000001101d6f8                fdt_getprop_u32_default
                0x000000001101d764                fdt_fixup_memory
                0x000000001101d9a8                do_fixup_by_compat
                0x000000001101da70                do_fixup_by_compat_u32
                0x000000001101dabc                fdt_find_and_setprop
                0x000000001101db5c                do_fixup_by_path
                0x000000001101dbbc                fdt_fixup_ethernet
                0x000000001101dd38                do_fixup_by_path_u32
                0x000000001101dd84                do_fixup_by_prop
                0x000000001101de64                do_fixup_by_prop_u32
                0x000000001101deb0                fdt_chosen
 .text          0x000000001101e100      0x3b0 C:\u-boot-2009.11-cloud\common\libcommon.a(flash.o)
                0x000000001101e100                flash_protect
                0x000000001101e1e8                addr2info
                0x000000001101e258                flash_perror
                0x000000001101e348                flash_write
 .text          0x000000001101e4b0     0x2284 C:\u-boot-2009.11-cloud\common\libcommon.a(hush.o)
                0x000000001101e4b0                simple_itoa
                0x000000001101e560                mapset
                0x000000001101e5b4                do_showvar
                0x000000001101e6dc                u_boot_hush_start
                0x000000001101e79c                new_pipe
                0x000000001101eae4                unset_local_var
                0x000000001101ed64                reserved_word
                0x000000001101f408                set_local_var
                0x000000001101f5d4                update_ifs_map
                0x000000001101fd74                parse_file_outer
                0x000000001101fdd8                parse_string_outer
 .text          0x0000000011020734     0x2b60 C:\u-boot-2009.11-cloud\common\libcommon.a(image.o)
                0x0000000011020734                image_multi_count
                0x0000000011020778                image_multi_getimg
                0x0000000011020820                get_table_entry_name
                0x0000000011020850                genimg_get_os_name
                0x0000000011020894                genimg_get_arch_name
                0x00000000110208dc                genimg_get_type_name
                0x0000000011020924                genimg_get_comp_name
                0x000000001102096c                genimg_get_image
                0x0000000011020970                genimg_has_config
                0x0000000011020984                fit_image_hash_get_value
                0x00000000110209f0                fit_image_hash_get_algo
                0x0000000011020a4c                fit_image_get_data
                0x0000000011020ab8                fit_image_get_entry
                0x0000000011020b18                fit_image_get_load
                0x0000000011020b78                fit_get_timestamp
                0x0000000011020be8                fit_get_desc
                0x0000000011020c44                fit_conf_print
                0x0000000011020d50                fit_check_format
                0x0000000011020dd8                fit_conf_get_node
                0x0000000011020e68                fit_image_get_node
                0x0000000011020f20                fit_conf_get_fdt_node
                0x0000000011020f58                fit_conf_get_ramdisk_node
                0x0000000011020f90                fit_conf_get_kernel_node
                0x0000000011020fc8                get_table_entry_id
                0x0000000011021040                genimg_get_comp_id
                0x0000000011021088                fit_image_get_comp
                0x00000000110210f0                fit_image_check_comp
                0x0000000011021150                genimg_get_type_id
                0x0000000011021198                fit_image_get_type
                0x0000000011021200                fit_image_check_type
                0x0000000011021260                genimg_get_arch_id
                0x00000000110212a8                fit_image_get_arch
                0x0000000011021310                fit_image_check_arch
                0x0000000011021370                genimg_get_os_id
                0x00000000110213b4                fit_image_get_os
                0x000000001102141c                fit_image_check_os
                0x000000001102147c                image_check_dcrc
                0x00000000110215c8                fit_parse_subimage
                0x00000000110215e4                fit_parse_conf
                0x0000000011021600                boot_get_kbd
                0x000000001102166c                getenv_bootm_size
                0x00000000110216c8                getenv_bootm_low
                0x0000000011021724                getenv_yesno
                0x000000001102177c                boot_get_cmdline
                0x000000001102180c                memmove_wd
                0x0000000011021844                genimg_get_format
                0x00000000110218f8                boot_relocate_fdt
                0x0000000011021a48                boot_ramdisk_high
                0x0000000011021b90                genimg_print_size
                0x0000000011021be0                image_print_contents
                0x0000000011021d6c                image_check_hcrc
                0x0000000011021e28                fit_set_timestamp
                0x0000000011021eb8                fit_image_check_hashes
                0x0000000011022138                fit_all_image_check_hashes
                0x0000000011022248                fit_image_print_hash
                0x0000000011022350                fit_image_print
                0x0000000011022600                fit_print_contents
                0x000000001102284c                boot_get_fdt
                0x0000000011022d54                boot_get_ramdisk
 .text          0x0000000011023294     0x117c C:\u-boot-2009.11-cloud\common\libcommon.a(main.o)
                0x0000000011023294                show_boot_progress
                0x0000000011023294                __show_boot_progress
                0x0000000011023298                parse_line
                0x0000000011023358                do_run
                0x00000000110233f0                run_command
                0x00000000110239ec                readline_into_buffer
                0x00000000110242d4                readline
                0x0000000011024318                main_loop
 .text          0x0000000011024410      0x868 C:\u-boot-2009.11-cloud\common\libcommon.a(miiphyutil.o)
                0x0000000011024410                miiphy_init
                0x0000000011024458                miiphy_get_current_dev
                0x00000000110244a4                miiphy_listdev
                0x0000000011024528                miiphy_write
                0x00000000110245e0                miiphy_read
                0x0000000011024698                miiphy_is_1000base_x
                0x0000000011024700                miiphy_duplex
                0x000000001102483c                miiphy_speed
                0x000000001102494c                miiphy_reset
                0x0000000011024a30                miiphy_info
                0x0000000011024ae8                miiphy_set_current_dev
                0x0000000011024b64                miiphy_register
 .text          0x0000000011024c78      0x310 C:\u-boot-2009.11-cloud\common\libcommon.a(s_record.o)
                0x0000000011024d04                srec_decode
 .text          0x0000000011024f88      0x4c0 C:\u-boot-2009.11-cloud\common\libcommon.a(serial.o)
                0x0000000011024f88                __default_serial_console
                0x0000000011024f88                default_serial_console
                0x0000000011024fc0                serial_register
                0x0000000011025008                serial_reinit_all
                0x0000000011025060                serial_init
                0x00000000110250c8                serial_setbrg
                0x0000000011025130                serial_getc
                0x0000000011025198                serial_tstc
                0x0000000011025200                serial_putc
                0x0000000011025270                serial_puts
                0x00000000110252e0                serial_assign
                0x0000000011025354                serial_initialize
                0x00000000110253a0                serial_stdio_init
 .text          0x0000000011025448      0x240 C:\u-boot-2009.11-cloud\common\libcommon.a(stdio.o)
                0x0000000011025448                stdio_get_list
                0x0000000011025484                stdio_clone
                0x00000000110254f8                stdio_register
                0x0000000011025564                stdio_init
                0x0000000011025614                stdio_get_by_name
 .text          0x0000000011025688      0x410 C:\u-boot-2009.11-cloud\libfdt\libfdt.a(fdt.o)
                0x0000000011025688                fdt_check_header
                0x00000000110256ec                fdt_offset_ptr
                0x000000001102572c                fdt_next_tag
                0x000000001102583c                _fdt_check_node_offset
                0x00000000110258a0                fdt_next_node
                0x00000000110259a0                fdt_move
                0x0000000011025a14                _fdt_find_string
 .text          0x0000000011025a98      0xce8 C:\u-boot-2009.11-cloud\libfdt\libfdt.a(fdt_ro.o)
                0x0000000011025a98                fdt_string
                0x0000000011025aa8                fdt_num_mem_rsv
                0x0000000011025af4                fdt_get_mem_rsv
                0x0000000011025b74                fdt_supernode_atdepth_offset
                0x0000000011025c60                fdt_node_depth
                0x0000000011025cb8                fdt_parent_offset
                0x0000000011025d1c                fdt_get_name
                0x0000000011025db4                fdt_get_path
                0x0000000011025f28                fdt_get_property_namelen
                0x000000001102604c                fdt_getprop_namelen
                0x000000001102609c                fdt_getprop
                0x0000000011026100                fdt_node_check_compatible
                0x00000000110261b8                fdt_node_offset_by_compatible
                0x0000000011026250                fdt_node_offset_by_prop_value
                0x000000001102631c                fdt_node_offset_by_phandle
                0x0000000011026384                fdt_get_phandle
                0x00000000110263e4                fdt_get_property
                0x0000000011026448                fdt_subnode_offset_namelen
                0x0000000011026548                fdt_path_offset
                0x0000000011026660                fdt_get_alias_namelen
                0x00000000110266d0                fdt_get_alias
                0x0000000011026724                fdt_subnode_offset
 .text          0x0000000011026780      0xaf0 C:\u-boot-2009.11-cloud\libfdt\libfdt.a(fdt_rw.o)
                0x00000000110268d8                fdt_pack
                0x0000000011026a3c                fdt_del_mem_rsv
                0x0000000011026ae8                fdt_add_mem_rsv
                0x0000000011026ba4                fdt_open_into
                0x0000000011026d68                fdt_del_node
                0x0000000011026df8                fdt_add_subnode_namelen
                0x0000000011026f24                fdt_add_subnode
                0x0000000011026f80                fdt_delprop
                0x0000000011027004                fdt_setprop
                0x00000000110271b4                fdt_set_name
 .text          0x0000000011027270       0x74 C:\u-boot-2009.11-cloud\libfdt\libfdt.a(fdt_strerror.o)
                0x0000000011027270                fdt_strerror
 .text          0x00000000110272e4      0x1d0 C:\u-boot-2009.11-cloud\libfdt\libfdt.a(fdt_wip.o)
                0x00000000110272e4                _fdt_node_end_offset
                0x0000000011027354                fdt_nop_node
                0x00000000110273d4                fdt_nop_property
                0x0000000011027440                fdt_setprop_inplace
 .text          0x00000000110274b4      0x3f0 C:\u-boot-2009.11-cloud\board\freescale\p1_p2_rdb\libp1_p2_rdb.a(p1_p2_rdb.o)
                0x00000000110274b4                get_board_sys_clk
                0x00000000110274e4                board_lmb_reserve
                0x000000001102751c                ft_board_setup
                0x000000001102757c                board_eth_init
                0x00000000110276b4                board_early_init_r
                0x00000000110277e0                checkboard
 .text          0x00000000110278a4      0x190 C:\u-boot-2009.11-cloud\board\freescale\p1_p2_rdb\libp1_p2_rdb.a(ddr.o)
                0x00000000110278a4                initdram
                0x00000000110278e8                fixed_sdram
 .text          0x0000000011027a34        0x0 C:\u-boot-2009.11-cloud\board\freescale\p1_p2_rdb\libp1_p2_rdb.a(law.o)
 .text          0x0000000011027a34        0x0 C:\u-boot-2009.11-cloud\board\freescale\p1_p2_rdb\libp1_p2_rdb.a(tlb.o)
 .text          0x0000000011027a34      0x2e0 C:\u-boot-2009.11-cloud\lib_generic\libgeneric.a(crc32.o)
                0x0000000011027a34                crc32
                0x0000000011027b8c                crc32_no_comp
                0x0000000011027cdc                crc32_wd
 .text          0x0000000011027d14        0x0 C:\u-boot-2009.11-cloud\lib_generic\libgeneric.a(ctype.o)
 .text          0x0000000011027d14      0x2b0 C:\u-boot-2009.11-cloud\lib_generic\libgeneric.a(display_options.o)
                0x0000000011027d14                print_size
                0x0000000011027de4                display_options
                0x0000000011027e28                print_buffer
 .text          0x0000000011027fc4      0x260 C:\u-boot-2009.11-cloud\lib_generic\libgeneric.a(gunzip.o)
                0x0000000011027fc4                zunzip
                0x00000000110280c0                gunzip
                0x00000000110281a4                zfree
                0x00000000110281e0                zalloc
 .text          0x0000000011028224      0x640 C:\u-boot-2009.11-cloud\lib_generic\libgeneric.a(lmb.o)
                0x0000000011028224                lmb_dump_all
                0x0000000011028228                lmb_init
                0x000000001102849c                lmb_add
                0x00000000110284a0                lmb_free
                0x00000000110285cc                lmb_reserve
                0x00000000110285d4                lmb_overlaps_region
                0x0000000011028638                __lmb_alloc_base
                0x0000000011028778                lmb_is_reserved
                0x00000000110287cc                lmb_alloc_base
                0x0000000011028828                lmb_alloc
 .text          0x0000000011028864      0xd30 C:\u-boot-2009.11-cloud\lib_generic\libgeneric.a(md5.o)
                0x000000001102947c                md5_wd
                0x0000000011029508                md5
 .text          0x0000000011029594     0x17ec C:\u-boot-2009.11-cloud\lib_generic\libgeneric.a(sha1.o)
                0x0000000011029594                sha1_starts
                0x000000001102a8f0                sha1_self_test
                0x000000001102a8f8                sha1_update
                0x000000001102a9dc                sha1_finish
                0x000000001102ab4c                sha1_hmac
                0x000000001102acb0                sha1_csum_wd
                0x000000001102ad18                sha1_csum
 .text          0x000000001102ad80      0x460 C:\u-boot-2009.11-cloud\lib_generic\libgeneric.a(string.o)
                0x000000001102ad80                strncat
                0x000000001102adf8                strncmp
                0x000000001102ae38                strchr
                0x000000001102ae64                strnlen
                0x000000001102ae90                strspn
                0x000000001102aed0                strpbrk
                0x000000001102af0c                strtok
                0x000000001102afbc                strsep
                0x000000001102b024                strswab
                0x000000001102b06c                memscan
                0x000000001102b090                strrchr
                0x000000001102b0f4                strstr
                0x000000001102b180                strdup
 .text          0x000000001102b1e0       0x84 C:\u-boot-2009.11-cloud\lib_generic\libgeneric.a(strmhz.o)
                0x000000001102b1e0                strmhz
 .text          0x000000001102b264      0xff8 C:\u-boot-2009.11-cloud\lib_generic\libgeneric.a(vsprintf.o)
                0x000000001102b264                simple_strtoul
                0x000000001102b358                simple_strtol
                0x000000001102b3ac                ustrtoul
                0x000000001102b8d4                panic
                0x000000001102ba50                vsprintf
                0x000000001102c1e8                sprintf
 .text          0x000000001102c25c     0x27ac C:\u-boot-2009.11-cloud\lib_generic\libgeneric.a(zlib.o)
                0x000000001102c25c                inflate_fast
                0x000000001102c6d0                inflate_table
                0x000000001102cbdc                inflateReset
                0x000000001102cc90                inflateInit2_
                0x000000001102cdd4                inflateInit_
                0x000000001102ce1c                inflateEnd
                0x000000001102cecc                adler32
                0x000000001102d1b4                zcfree
                0x000000001102d1f0                zcalloc
                0x000000001102d22c                inflate
 .text          0x000000001102ea08      0x734 C:\u-boot-2009.11-cloud\board\freescale\common\libfreescale.a(sys_eeprom.o)
                0x000000001102eaec                mac_read_from_eeprom
                0x000000001102ecb0                do_mac
 .text          0x000000001102f13c      0x3d4 C:\u-boot-2009.11-cloud\cpu\mpc85xx\libmpc85xx.a(ddr-gen3.o)
                0x000000001102f13c                fsl_ddr_set_memctl_regs
 .text          0x000000001102f510      0xd58 C:\u-boot-2009.11-cloud\cpu\mpc85xx\libmpc85xx.a(fdt.o)
                0x000000001102f558                fdt_fixup_1588
                0x000000001102f5ec                fdt_fixup_usb_mode
                0x000000001102f6cc                fdt_fixup_add_2nd_usb
                0x000000001102fa68                fdt_add_enet_stashing
                0x000000001102fb34                ft_fixup_cpu
                0x000000001102fd14                ft_cpu_setup
 .text          0x0000000011030268      0x484 C:\u-boot-2009.11-cloud\cpu\mpc85xx\libmpc85xx.a(cpu.o)
                0x0000000011030268                get_tbclk
                0x0000000011030278                cpu_mmc_init
                0x0000000011030280                upmconfig
                0x0000000011030454                do_reset
                0x00000000110304a8                checkcpu
 .text          0x00000000110306ec       0xc4 C:\u-boot-2009.11-cloud\cpu\mpc85xx\libmpc85xx.a(interrupts.o)
                0x00000000110306ec                irq_install_handler
                0x00000000110306f0                irq_free_handler
                0x00000000110306f4                timer_interrupt_cpu
                0x0000000011030700                do_irqinfo
                0x0000000011030708                interrupt_init_cpu
 .text          0x00000000110307b0      0x28c C:\u-boot-2009.11-cloud\cpu\mpc85xx\libmpc85xx.a(speed.o)
                0x00000000110307b0                get_bus_freq
                0x00000000110307b8                get_ddr_freq
                0x00000000110307c0                do_clocks
                0x00000000110308b0                get_sys_info
                0x00000000110309b8                get_clocks
 .text          0x0000000011030a3c      0x43c C:\u-boot-2009.11-cloud\lib_ppc\libppc.a(bootm.o)
                0x0000000011030bf0                do_bootm_linux
                0x0000000011030dcc                arch_lmb_reserve
 .text          0x0000000011030e78       0x5c C:\u-boot-2009.11-cloud\lib_ppc\libppc.a(cache.o)
                0x0000000011030e78                flush_cache
 .text          0x0000000011030ed4      0x814 C:\u-boot-2009.11-cloud\drivers\mtd\nand\libnand.a(nand_util.o)
                0x0000000011030f94                nand_read_skip_bad
                0x0000000011031188                nand_write_skip_bad
                0x000000001103138c                nand_erase_opts
 .text          0x00000000110316e8      0x3a8 C:\u-boot-2009.11-cloud\drivers\mtd\spi\libspi_flash.a(spi_flash.o)
                0x00000000110316e8                spi_flash_free
                0x0000000011031730                spi_flash_cmd_write
                0x00000000110317e4                spi_flash_cmd_read
                0x00000000110318a0                spi_flash_read_common
                0x0000000011031918                spi_flash_cmd
                0x00000000110319dc                spi_flash_probe
 .text          0x0000000011031a90      0x514 C:\u-boot-2009.11-cloud\drivers\mtd\spi\libspi_flash.a(spansion.o)
                0x0000000011031a90                spi_flash_probe_spansion
                0x0000000011031e90                spansion_erase
 .text          0x0000000011031fa4     0x1564 C:\u-boot-2009.11-cloud\drivers\net\libnet.a(tsec.o)
                0x0000000011031fa4                tsec_local_mdio_read
                0x0000000011031fdc                mii_cr_init
                0x0000000011031ff4                mii_parse_link
                0x0000000011032138                mii_BCM54xx_wirespeed
                0x0000000011032184                mii_parse_cis8201
                0x00000000110321c0                mii_parse_vsc8244
                0x00000000110321fc                mii_parse_dm9161_scsr
                0x0000000011032234                mii_cis8204_fixled
                0x0000000011032284                mii_cis8204_setmode
                0x000000001103229c                mii_m88e1111s_setmode
                0x00000000110323dc                mii_88E1121_set_led
                0x0000000011032514                mii_parse_lxt971_sr2
                0x0000000011032584                mii_parse_dp83865_lanr
                0x00000000110325d0                phy_run_commands
                0x000000001103275c                get_phy_info
                0x0000000011032848                mii_parse_BCM54xx_sr
                0x0000000011032a20                mii_parse_RTL8211B_sr
                0x0000000011032b50                mii_parse_88E1011_psr
                0x0000000011032c7c                mii_parse_sr
                0x00000000110330bc                tsec_initialize
                0x000000001103334c                tsec_eth_init
                0x00000000110333b4                tsec_standard_init
 .text          0x0000000011033508      0x184 C:\u-boot-2009.11-cloud\drivers\net\libnet.a(vsc7385.o)
                0x0000000011033508                vsc7385_upload_firmware
 .text          0x000000001103368c       0xc4 C:\u-boot-2009.11-cloud\cpu\mpc8xxx\lib8xxx.a(fdt.o)
                0x000000001103368c                ft_fixup_num_cores
 .text          0x0000000011033750      0x26c C:\u-boot-2009.11-cloud\drivers\rtc\librtc.a(date.o)
                0x0000000011033750                GregorianDay
                0x0000000011033848                to_tm
                0x0000000011033950                mktime
 .text          0x00000000110339bc      0x394 C:\u-boot-2009.11-cloud\drivers\rtc\librtc.a(ds1337.o)
                0x0000000011033a30                rtc_reset
                0x0000000011033a3c                rtc_set
                0x0000000011033ba4                rtc_get
 .text          0x0000000011033d50      0x848 C:\u-boot-2009.11-cloud\drivers\serial\libserial.a(serial.o)
                0x0000000011033da4                eserial4_init
                0x0000000011033df0                eserial3_init
                0x0000000011033e3c                eserial2_init
                0x0000000011033e90                eserial1_init
                0x0000000011033ee4                _serial_setbrg
                0x0000000011033f3c                eserial4_setbrg
                0x0000000011033f78                eserial3_setbrg
                0x0000000011033fb4                eserial2_setbrg
                0x0000000011033ff0                eserial1_setbrg
                0x000000001103402c                _serial_tstc
                0x0000000011034074                eserial4_tstc
                0x00000000110340b0                eserial3_tstc
                0x00000000110340ec                eserial2_tstc
                0x0000000011034128                eserial1_tstc
                0x0000000011034164                _serial_getc
                0x00000000110341ac                eserial4_getc
                0x00000000110341e8                eserial3_getc
                0x0000000011034224                eserial2_getc
                0x0000000011034260                eserial1_getc
                0x000000001103429c                _serial_putc_raw
                0x00000000110342ec                _serial_putc
                0x0000000011034360                eserial4_putc
                0x000000001103439c                eserial3_putc
                0x00000000110343d8                eserial2_putc
                0x0000000011034414                eserial1_putc
                0x0000000011034450                _serial_puts
                0x00000000110344a8                eserial4_puts
                0x00000000110344e4                eserial3_puts
                0x0000000011034520                eserial2_puts
                0x000000001103455c                eserial1_puts
 .text          0x0000000011034598       0xc8 C:\u-boot-2009.11-cloud\drivers\serial\libserial.a(ns16550.o)
                0x0000000011034598                NS16550_init
                0x00000000110345e0                NS16550_reinit
                0x000000001103462c                NS16550_putc
                0x0000000011034640                NS16550_getc
                0x0000000011034654                NS16550_tstc
 .text          0x0000000011034660      0x108 C:\u-boot-2009.11-cloud\lib_generic\libgeneric.a(div64.o)
                0x0000000011034660                __div64_32
 .text          0x0000000011034768       0x38 C:\Cross_Tools\4.3.2\libgcc.a(_lshrdi3.o)
                0x0000000011034768                __lshrdi3
 .text          0x00000000110347a0       0x38 C:\Cross_Tools\4.3.2\libgcc.a(_ashldi3.o)
                0x00000000110347a0                __ashldi3
 .text          0x00000000110347d8       0x38 C:\Cross_Tools\4.3.2\libgcc.a(_ashrdi3.o)
                0x00000000110347d8                __ashrdi3
 *(.got1)
                0x0000000011034810                _etext = .
                0x0000000011034810                PROVIDE (etext, .)

.rodata         0x0000000011034810     0xa860
 *(.eh_frame)
 *(SORT(.rodata*))
 .rodata        0x0000000011034810        0x4 C:\u-boot-2009.11-cloud\cpu\mpc85xx\libmpc85xx.a(mp.o)
 .rodata        0x0000000011034814       0x27 C:\u-boot-2009.11-cloud\net\libnet.a(net.o)
 *fill*         0x000000001103483b        0x1 00
 .rodata        0x000000001103483c       0x38 C:\u-boot-2009.11-cloud\net\libnet.a(nfs.o)
 .rodata        0x0000000011034874       0x14 C:\u-boot-2009.11-cloud\net\libnet.a(tftp.o)
 .rodata        0x0000000011034888        0x8 C:\u-boot-2009.11-cloud\drivers\i2c\libi2c.a(fsl_i2c.o)
 .rodata        0x0000000011034890        0x8 C:\u-boot-2009.11-cloud\drivers\mtd\libmtd.a(cfi_flash.o)
 .rodata        0x0000000011034898        0x5 C:\u-boot-2009.11-cloud\drivers\mtd\nand\libnand.a(nand.o)
 *fill*         0x000000001103489d        0x3 00
 .rodata        0x00000000110348a0       0x6e C:\u-boot-2009.11-cloud\drivers\mtd\nand\libnand.a(nand_base.o)
 *fill*         0x000000001103490e        0x2 00
 .rodata        0x0000000011034910      0x100 C:\u-boot-2009.11-cloud\drivers\mtd\nand\libnand.a(nand_ecc.o)
 .rodata        0x0000000011034a10       0x24 C:\u-boot-2009.11-cloud\common\libcommon.a(cmd_fdt.o)
 .rodata        0x0000000011034a34       0x30 C:\u-boot-2009.11-cloud\common\libcommon.a(cmd_itest.o)
 .rodata        0x0000000011034a64       0x24 C:\u-boot-2009.11-cloud\common\libcommon.a(cmd_nvedit.o)
 .rodata        0x0000000011034a88       0x58 C:\u-boot-2009.11-cloud\common\libcommon.a(command.o)
 .rodata        0x0000000011034ae0       0xad C:\u-boot-2009.11-cloud\common\libcommon.a(fdt_support.o)
 *fill*         0x0000000011034b8d        0x3 00
 .rodata        0x0000000011034b90       0x20 C:\u-boot-2009.11-cloud\common\libcommon.a(main.o)
 .rodata        0x0000000011034bb0       0x28 C:\u-boot-2009.11-cloud\common\libcommon.a(s_record.o)
 .rodata        0x0000000011034bd8       0x24 C:\u-boot-2009.11-cloud\libfdt\libfdt.a(fdt.o)
 .rodata        0x0000000011034bfc      0x400 C:\u-boot-2009.11-cloud\lib_generic\libgeneric.a(crc32.o)
 .rodata        0x0000000011034ffc       0x40 C:\u-boot-2009.11-cloud\lib_generic\libgeneric.a(sha1.o)
 .rodata        0x000000001103503c       0x21 C:\u-boot-2009.11-cloud\lib_generic\libgeneric.a(vsprintf.o)
                0x000000001103504c                hex_asc
 *fill*         0x000000001103505d        0x3 00
 .rodata        0x0000000011035060      0xa16 C:\u-boot-2009.11-cloud\lib_generic\libgeneric.a(zlib.o)
 *fill*         0x0000000011035a76        0x2 00
 .rodata        0x0000000011035a78       0x18 C:\u-boot-2009.11-cloud\cpu\mpc85xx\libmpc85xx.a(ddr-gen3.o)
 .rodata        0x0000000011035a90       0x39 C:\u-boot-2009.11-cloud\cpu\mpc85xx\libmpc85xx.a(fdt.o)
 *fill*         0x0000000011035ac9        0x3 00
 .rodata        0x0000000011035acc        0xa C:\u-boot-2009.11-cloud\cpu\mpc85xx\libmpc85xx.a(cpu.o)
 *fill*         0x0000000011035ad6        0x2 00
 .rodata        0x0000000011035ad8       0x1c C:\u-boot-2009.11-cloud\drivers\net\libnet.a(tsec.o)
 .rodata        0x0000000011035af4       0x30 C:\u-boot-2009.11-cloud\drivers\rtc\librtc.a(date.o)
 .rodata        0x0000000011035b24       0x10 C:\u-boot-2009.11-cloud\drivers\serial\libserial.a(serial.o)
 .rodata        0x0000000011035b34        0x7 C:\u-boot-2009.11-cloud\net\libnet.a(eth.o)
 .rodata        0x0000000011035b3b        0x7 C:\u-boot-2009.11-cloud\board\freescale\common\libfreescale.a(sys_eeprom.o)
 .rodata.str1.1
                0x0000000011035b42       0x51 C:\u-boot-2009.11-cloud\cpu\mpc85xx\libmpc85xx.a(cpu_init.o)
                                         0x5c (size before relaxing)
 .rodata.str1.1
                0x0000000011035b93       0x10 C:\u-boot-2009.11-cloud\cpu\mpc85xx\libmpc85xx.a(tlb.o)
 .rodata.str1.1
                0x0000000011035ba3      0x419 C:\u-boot-2009.11-cloud\cpu\mpc85xx\libmpc85xx.a(traps.o)
                                        0x41b (size before relaxing)
 .rodata.str1.1
                0x0000000011035fbc      0x135 C:\u-boot-2009.11-cloud\cpu\mpc85xx\libmpc85xx.a(mp.o)
                                        0x137 (size before relaxing)
 .rodata.str1.1
                0x00000000110360f1      0x1d3 C:\u-boot-2009.11-cloud\lib_ppc\libppc.a(board.o)
                                        0x1d6 (size before relaxing)
 .rodata.str1.1
                0x00000000110362c4       0xc2 C:\u-boot-2009.11-cloud\net\libnet.a(eth.o)
                                         0xe4 (size before relaxing)
 .rodata.str1.1
                0x0000000011036386      0x20c C:\u-boot-2009.11-cloud\net\libnet.a(net.o)
                                        0x217 (size before relaxing)
 .rodata.str1.1
                0x0000000011036592      0x191 C:\u-boot-2009.11-cloud\net\libnet.a(nfs.o)
                                        0x1a9 (size before relaxing)
 .rodata.str1.1
                0x0000000011036723       0x20 C:\u-boot-2009.11-cloud\net\libnet.a(rarp.o)
                                         0x47 (size before relaxing)
 .rodata.str1.1
                0x0000000011036743      0x117 C:\u-boot-2009.11-cloud\net\libnet.a(tftp.o)
                                        0x1f6 (size before relaxing)
 .rodata.str1.1
                0x000000001103685a       0x70 C:\u-boot-2009.11-cloud\net\libnet.a(bootp.o)
                                         0xad (size before relaxing)
 .rodata.str1.1
                0x00000000110368ca       0xab C:\u-boot-2009.11-cloud\drivers\i2c\libi2c.a(fsl_i2c.o)
 .rodata.str1.1
                0x0000000011036975       0x4a C:\u-boot-2009.11-cloud\drivers\misc\libmisc.a(fsl_law.o)
 .rodata.str1.1
                0x00000000110369bf      0x339 C:\u-boot-2009.11-cloud\drivers\mtd\libmtd.a(cfi_flash.o)
                                        0x341 (size before relaxing)
 .rodata.str1.1
                0x0000000011036cf8        0x8 C:\u-boot-2009.11-cloud\drivers\mtd\nand\libnand.a(nand.o)
 .rodata.str1.1
                0x0000000011036d00      0x30c C:\u-boot-2009.11-cloud\drivers\mtd\nand\libnand.a(nand_base.o)
 .rodata.str1.1
                0x000000001103700c      0x300 C:\u-boot-2009.11-cloud\drivers\mtd\nand\libnand.a(nand_bbt.o)
 .rodata.str1.1
                0x000000001103730c      0x31f C:\u-boot-2009.11-cloud\drivers\mtd\nand\libnand.a(nand_ids.o)
                                        0x335 (size before relaxing)
 .rodata.str1.1
                0x000000001103762b      0x158 C:\u-boot-2009.11-cloud\drivers\mtd\nand\libnand.a(fsl_elbc_nand.o)
 .rodata.str1.1
                0x0000000011037783      0x107 C:\u-boot-2009.11-cloud\common\libcommon.a(cmd_bdinfo.o)
                                        0x110 (size before relaxing)
 .rodata.str1.1
                0x000000001103788a       0xec C:\u-boot-2009.11-cloud\common\libcommon.a(cmd_boot.o)
                                         0xf0 (size before relaxing)
 .rodata.str1.1
                0x0000000011037976      0xdee C:\u-boot-2009.11-cloud\common\libcommon.a(cmd_bootm.o)
                                        0xe57 (size before relaxing)
 .rodata.str1.1
                0x0000000011038764      0x278 C:\u-boot-2009.11-cloud\common\libcommon.a(cmd_elf.o)
                                        0x29a (size before relaxing)
 .rodata.str1.1
                0x00000000110389dc      0x940 C:\u-boot-2009.11-cloud\common\libcommon.a(cmd_fdt.o)
                                        0x96e (size before relaxing)
 .rodata.str1.1
                0x000000001103931c      0x707 C:\u-boot-2009.11-cloud\common\libcommon.a(cmd_flash.o)
                                        0x730 (size before relaxing)
 .rodata.str1.1
                0x0000000011039a23       0xb1 C:\u-boot-2009.11-cloud\common\libcommon.a(cmd_itest.o)
                                         0xb5 (size before relaxing)
 .rodata.str1.1
                0x0000000011039ad4      0x356 C:\u-boot-2009.11-cloud\common\libcommon.a(cmd_load.o)
                                        0x36c (size before relaxing)
 .rodata.str1.1
                0x0000000011039e2a      0x1ab C:\u-boot-2009.11-cloud\common\libcommon.a(cmd_mac.o)
 .rodata.str1.1
                0x0000000011039fd5      0x493 C:\u-boot-2009.11-cloud\common\libcommon.a(cmd_mem.o)
                                        0x4a9 (size before relaxing)
 .rodata.str1.1
                0x000000001103a468      0x752 C:\u-boot-2009.11-cloud\common\libcommon.a(cmd_mii.o)
                                        0x773 (size before relaxing)
 .rodata.str1.1
                0x000000001103abba       0x5f C:\u-boot-2009.11-cloud\common\libcommon.a(cmd_misc.o)
 .rodata.str1.1
                0x000000001103ac19      0x2bd C:\u-boot-2009.11-cloud\common\libcommon.a(cmd_mp.o)
                                        0x2d2 (size before relaxing)
 .rodata.str1.1
                0x000000001103aed6      0x752 C:\u-boot-2009.11-cloud\common\libcommon.a(cmd_nand.o)
                                        0x7a3 (size before relaxing)
 .rodata.str1.1
                0x000000001103b628      0x1ac C:\u-boot-2009.11-cloud\common\libcommon.a(cmd_net.o)
                                        0x1ee (size before relaxing)
 .rodata.str1.1
                0x000000001103b7d4      0x33b C:\u-boot-2009.11-cloud\common\libcommon.a(cmd_nvedit.o)
                                        0x39b (size before relaxing)
 .rodata.str1.1
                0x000000001103bb0f       0xf0 C:\u-boot-2009.11-cloud\common\libcommon.a(cmd_setexpr.o)
                                         0xf4 (size before relaxing)
 .rodata.str1.1
                0x000000001103bbff      0x279 C:\u-boot-2009.11-cloud\common\libcommon.a(cmd_sf.o)
                                        0x28a (size before relaxing)
 .rodata.str1.1
                0x000000001103be78      0x1d0 C:\u-boot-2009.11-cloud\common\libcommon.a(cmd_source.o)
                                        0x1fc (size before relaxing)
 .rodata.str1.1
                0x000000001103c048      0x290 C:\u-boot-2009.11-cloud\common\libcommon.a(command.o)
                                        0x2cd (size before relaxing)
 .rodata.str1.1
                0x000000001103c2d8       0x77 C:\u-boot-2009.11-cloud\common\libcommon.a(console.o)
                                         0x8f (size before relaxing)
 .rodata.str1.1
                0x000000001103c34f       0x33 C:\u-boot-2009.11-cloud\common\libcommon.a(env_common.o)
 .rodata.str1.1
                0x000000001103c382       0x5e C:\u-boot-2009.11-cloud\common\libcommon.a(env_sf.o)
                                         0x97 (size before relaxing)
 .rodata.str1.1
                0x000000001103c3e0      0x2cf C:\u-boot-2009.11-cloud\common\libcommon.a(fdt_support.o)
                                        0x30b (size before relaxing)
 .rodata.str1.1
                0x000000001103c6af      0x12b C:\u-boot-2009.11-cloud\common\libcommon.a(flash.o)
 .rodata.str1.1
                0x000000001103c7da      0x238 C:\u-boot-2009.11-cloud\common\libcommon.a(hush.o)
                                        0x266 (size before relaxing)
 .rodata.str1.1
                0x000000001103ca12      0xc90 C:\u-boot-2009.11-cloud\common\libcommon.a(image.o)
                                        0xdc7 (size before relaxing)
 .rodata.str1.1
                0x000000001103d6a2       0x72 C:\u-boot-2009.11-cloud\common\libcommon.a(main.o)
                                         0xd6 (size before relaxing)
 .rodata.str1.1
                0x000000001103d714      0x1cb C:\u-boot-2009.11-cloud\common\libcommon.a(miiphyutil.o)
                                        0x1db (size before relaxing)
 .rodata.str1.1
                0x0000000000000000       0x1b C:\u-boot-2009.11-cloud\common\libcommon.a(stdio.o)
 .rodata.str1.1
                0x000000001103d8df        0xe C:\u-boot-2009.11-cloud\libfdt\libfdt.a(fdt_ro.o)
                                         0x22 (size before relaxing)
 .rodata.str1.1
                0x000000001103d8ed       0xf1 C:\u-boot-2009.11-cloud\libfdt\libfdt.a(fdt_strerror.o)
 .rodata.str1.1
                0x000000001103d9de      0x190 C:\u-boot-2009.11-cloud\board\freescale\p1_p2_rdb\libp1_p2_rdb.a(p1_p2_rdb.o)
 .rodata.str1.1
                0x000000001103db6e       0x54 C:\u-boot-2009.11-cloud\board\freescale\p1_p2_rdb\libp1_p2_rdb.a(ddr.o)
 .rodata.str1.1
                0x000000001103dbc2       0x18 C:\u-boot-2009.11-cloud\lib_generic\libgeneric.a(display_options.o)
                                         0x36 (size before relaxing)
 .rodata.str1.1
                0x000000001103dbda       0x85 C:\u-boot-2009.11-cloud\lib_generic\libgeneric.a(gunzip.o)
 .rodata.str1.1
                0x000000001103dc5f       0x34 C:\u-boot-2009.11-cloud\lib_generic\libgeneric.a(lmb.o)
 .rodata.str1.1
                0x000000001103dc93        0x7 C:\u-boot-2009.11-cloud\lib_generic\libgeneric.a(strmhz.o)
                                          0xb (size before relaxing)
 .rodata.str1.1
                0x000000001103dc9a        0xe C:\u-boot-2009.11-cloud\lib_generic\libgeneric.a(vsprintf.o)
 .rodata.str1.1
                0x000000001103dca8      0x21c C:\u-boot-2009.11-cloud\lib_generic\libgeneric.a(zlib.o)
                                        0x21d (size before relaxing)
 .rodata.str1.1
                0x000000001103dec4      0x1cd C:\u-boot-2009.11-cloud\board\freescale\common\libfreescale.a(sys_eeprom.o)
                                        0x1ee (size before relaxing)
 .rodata.str1.1
                0x000000001103e091       0x1d C:\u-boot-2009.11-cloud\cpu\mpc85xx\libmpc85xx.a(ddr-gen3.o)
 .rodata.str1.1
                0x000000001103e0ae      0x4b5 C:\u-boot-2009.11-cloud\cpu\mpc85xx\libmpc85xx.a(fdt.o)
                                        0x530 (size before relaxing)
 .rodata.str1.1
                0x000000001103e563      0x1d9 C:\u-boot-2009.11-cloud\cpu\mpc85xx\libmpc85xx.a(cpu.o)
                                        0x1e3 (size before relaxing)
 .rodata.str1.1
                0x000000001103e73c      0x123 C:\u-boot-2009.11-cloud\cpu\mpc85xx\libmpc85xx.a(speed.o)
                                        0x12a (size before relaxing)
 .rodata.str1.1
                0x000000001103e85f       0x9b C:\u-boot-2009.11-cloud\lib_ppc\libppc.a(bootm.o)
                                         0xc8 (size before relaxing)
 .rodata.str1.1
                0x000000001103e8fa      0x24c C:\u-boot-2009.11-cloud\drivers\mtd\nand\libnand.a(nand_util.o)
                                        0x24e (size before relaxing)
 .rodata.str1.1
                0x000000001103eb46       0x45 C:\u-boot-2009.11-cloud\drivers\mtd\spi\libspi_flash.a(spansion.o)
 .rodata.str1.1
                0x000000001103eb8b      0x3db C:\u-boot-2009.11-cloud\drivers\net\libnet.a(tsec.o)
                                        0x401 (size before relaxing)
 .rodata.str1.1
                0x0000000000000000       0x14 C:\u-boot-2009.11-cloud\cpu\mpc8xxx\lib8xxx.a(fdt.o)
 .rodata.str1.1
                0x000000001103ef66      0x10a C:\u-boot-2009.11-cloud\drivers\rtc\librtc.a(ds1337.o)

.fini
 *(.fini)

.ctors
 *(.ctors)

.dtors
 *(.dtors)
                0x000000001103f100                . = ((. + 0xff) & 0xffffff00)
                0x000000001103f100                _erotext = .
                0x000000001103f100                PROVIDE (erotext, .)

.reloc          0x000000001103f100     0x286c
 *(.got)
                0x000000001103f100                _GOT2_TABLE_ = .
 *(.got2)
 .got2          0x000000001103f100       0x24 start.o
 .got2          0x000000001103f124       0x24 C:\u-boot-2009.11-cloud\cpu\mpc85xx\libmpc85xx.a(cpu_init.o)
 .got2          0x000000001103f148        0x0 C:\u-boot-2009.11-cloud\cpu\mpc85xx\libmpc85xx.a(cpu_init_early.o)
 .got2          0x000000001103f148        0xc C:\u-boot-2009.11-cloud\cpu\mpc85xx\libmpc85xx.a(tlb.o)
 .got2          0x000000001103f154       0x98 C:\u-boot-2009.11-cloud\cpu\mpc85xx\libmpc85xx.a(traps.o)
 .got2          0x000000001103f1ec       0x44 C:\u-boot-2009.11-cloud\cpu\mpc85xx\libmpc85xx.a(mp.o)
 .got2          0x000000001103f230       0x80 C:\u-boot-2009.11-cloud\lib_ppc\libppc.a(board.o)
 .got2          0x000000001103f2b0        0x8 C:\u-boot-2009.11-cloud\lib_ppc\libppc.a(extable.o)
 .got2          0x000000001103f2b8        0x4 C:\u-boot-2009.11-cloud\lib_ppc\libppc.a(interrupts.o)
 .got2          0x000000001103f2bc        0x0 C:\u-boot-2009.11-cloud\lib_ppc\libppc.a(time.o)
 .got2          0x000000001103f2bc       0x4c C:\u-boot-2009.11-cloud\net\libnet.a(eth.o)
 .got2          0x000000001103f308      0x114 C:\u-boot-2009.11-cloud\net\libnet.a(net.o)
 .got2          0x000000001103f41c       0x8c C:\u-boot-2009.11-cloud\net\libnet.a(nfs.o)
 .got2          0x000000001103f4a8       0x30 C:\u-boot-2009.11-cloud\net\libnet.a(rarp.o)
 .got2          0x000000001103f4d8       0xb0 C:\u-boot-2009.11-cloud\net\libnet.a(tftp.o)
 .got2          0x000000001103f588       0x74 C:\u-boot-2009.11-cloud\net\libnet.a(bootp.o)
 .got2          0x000000001103f5fc       0x28 C:\u-boot-2009.11-cloud\drivers\i2c\libi2c.a(fsl_i2c.o)
 .got2          0x000000001103f624       0x10 C:\u-boot-2009.11-cloud\drivers\misc\libmisc.a(fsl_law.o)
 .got2          0x000000001103f634       0xa4 C:\u-boot-2009.11-cloud\drivers\mtd\libmtd.a(cfi_flash.o)
 .got2          0x000000001103f6d8       0x14 C:\u-boot-2009.11-cloud\drivers\mtd\nand\libnand.a(nand.o)
 .got2          0x000000001103f6ec      0x114 C:\u-boot-2009.11-cloud\drivers\mtd\nand\libnand.a(nand_base.o)
 .got2          0x000000001103f800       0x48 C:\u-boot-2009.11-cloud\drivers\mtd\nand\libnand.a(nand_bbt.o)
 .got2          0x000000001103f848        0x4 C:\u-boot-2009.11-cloud\drivers\mtd\nand\libnand.a(nand_ecc.o)
 .got2          0x000000001103f84c        0x0 C:\u-boot-2009.11-cloud\drivers\mtd\nand\libnand.a(nand_ids.o)
 .got2          0x000000001103f84c       0x4c C:\u-boot-2009.11-cloud\drivers\mtd\nand\libnand.a(fsl_elbc_nand.o)
 .got2          0x000000001103f898        0x0 C:\u-boot-2009.11-cloud\drivers\spi\libspi.a(fsl_espi.o)
 .got2          0x000000001103f898        0xc C:\u-boot-2009.11-cloud\cpu\mpc8xxx\lib8xxx.a(cpu.o)
 .got2          0x000000001103f8a4       0x50 C:\u-boot-2009.11-cloud\common\libcommon.a(cmd_bdinfo.o)
 .got2          0x000000001103f8f4        0x8 C:\u-boot-2009.11-cloud\common\libcommon.a(cmd_boot.o)
 .got2          0x000000001103f8fc      0x134 C:\u-boot-2009.11-cloud\common\libcommon.a(cmd_bootm.o)
 .got2          0x000000001103fa30       0x64 C:\u-boot-2009.11-cloud\common\libcommon.a(cmd_elf.o)
 .got2          0x000000001103fa94      0x11c C:\u-boot-2009.11-cloud\common\libcommon.a(cmd_fdt.o)
 .got2          0x000000001103fbb0       0x60 C:\u-boot-2009.11-cloud\common\libcommon.a(cmd_flash.o)
 .got2          0x000000001103fc10       0x14 C:\u-boot-2009.11-cloud\common\libcommon.a(cmd_itest.o)
 .got2          0x000000001103fc24       0x80 C:\u-boot-2009.11-cloud\common\libcommon.a(cmd_load.o)
 .got2          0x000000001103fca4        0x0 C:\u-boot-2009.11-cloud\common\libcommon.a(cmd_mac.o)
 .got2          0x000000001103fca4       0x78 C:\u-boot-2009.11-cloud\common\libcommon.a(cmd_mem.o)
 .got2          0x000000001103fd1c       0x98 C:\u-boot-2009.11-cloud\common\libcommon.a(cmd_mii.o)
 .got2          0x000000001103fdb4        0x0 C:\u-boot-2009.11-cloud\common\libcommon.a(cmd_misc.o)
 .got2          0x000000001103fdb4       0x10 C:\u-boot-2009.11-cloud\common\libcommon.a(cmd_mp.o)
 .got2          0x000000001103fdc4      0x100 C:\u-boot-2009.11-cloud\common\libcommon.a(cmd_nand.o)
 .got2          0x000000001103fec4       0x64 C:\u-boot-2009.11-cloud\common\libcommon.a(cmd_net.o)
 .got2          0x000000001103ff28       0x60 C:\u-boot-2009.11-cloud\common\libcommon.a(cmd_nvedit.o)
 .got2          0x000000001103ff88        0x8 C:\u-boot-2009.11-cloud\common\libcommon.a(cmd_setexpr.o)
 .got2          0x000000001103ff90       0x34 C:\u-boot-2009.11-cloud\common\libcommon.a(cmd_sf.o)
 .got2          0x000000001103ffc4       0x3c C:\u-boot-2009.11-cloud\common\libcommon.a(cmd_source.o)
 .got2          0x0000000011040000       0x64 C:\u-boot-2009.11-cloud\common\libcommon.a(command.o)
 .got2          0x0000000011040064       0x4c C:\u-boot-2009.11-cloud\common\libcommon.a(console.o)
 .got2          0x00000000110400b0       0x18 C:\u-boot-2009.11-cloud\common\libcommon.a(dlmalloc.o)
 .got2          0x00000000110400c8        0xc C:\u-boot-2009.11-cloud\common\libcommon.a(env_common.o)
 .got2          0x00000000110400d4       0x20 C:\u-boot-2009.11-cloud\common\libcommon.a(env_sf.o)
 .got2          0x00000000110400f4       0x3c C:\u-boot-2009.11-cloud\common\libcommon.a(exports.o)
 .got2          0x0000000011040130       0xa4 C:\u-boot-2009.11-cloud\common\libcommon.a(fdt_support.o)
 .got2          0x00000000110401d4       0x2c C:\u-boot-2009.11-cloud\common\libcommon.a(flash.o)
 .got2          0x0000000011040200       0x8c C:\u-boot-2009.11-cloud\common\libcommon.a(hush.o)
 .got2          0x000000001104028c      0x224 C:\u-boot-2009.11-cloud\common\libcommon.a(image.o)
 .got2          0x00000000110404b0       0x50 C:\u-boot-2009.11-cloud\common\libcommon.a(main.o)
 .got2          0x0000000011040500       0x50 C:\u-boot-2009.11-cloud\common\libcommon.a(miiphyutil.o)
 .got2          0x0000000011040550        0x4 C:\u-boot-2009.11-cloud\common\libcommon.a(s_record.o)
 .got2          0x0000000011040554        0xc C:\u-boot-2009.11-cloud\common\libcommon.a(serial.o)
 .got2          0x0000000011040560       0x18 C:\u-boot-2009.11-cloud\common\libcommon.a(stdio.o)
 .got2          0x0000000011040578        0x4 C:\u-boot-2009.11-cloud\libfdt\libfdt.a(fdt.o)
 .got2          0x000000001104057c        0xc C:\u-boot-2009.11-cloud\libfdt\libfdt.a(fdt_ro.o)
 .got2          0x0000000011040588        0x0 C:\u-boot-2009.11-cloud\libfdt\libfdt.a(fdt_rw.o)
 .got2          0x0000000011040588       0x10 C:\u-boot-2009.11-cloud\libfdt\libfdt.a(fdt_strerror.o)
 .got2          0x0000000011040598        0x0 C:\u-boot-2009.11-cloud\libfdt\libfdt.a(fdt_wip.o)
 .got2          0x0000000011040598       0x44 C:\u-boot-2009.11-cloud\board\freescale\p1_p2_rdb\libp1_p2_rdb.a(p1_p2_rdb.o)
 .got2          0x00000000110405dc       0x18 C:\u-boot-2009.11-cloud\board\freescale\p1_p2_rdb\libp1_p2_rdb.a(ddr.o)
 .got2          0x00000000110405f4        0x0 C:\u-boot-2009.11-cloud\board\freescale\p1_p2_rdb\libp1_p2_rdb.a(law.o)
 .got2          0x00000000110405f4        0x0 C:\u-boot-2009.11-cloud\board\freescale\p1_p2_rdb\libp1_p2_rdb.a(tlb.o)
 .got2          0x00000000110405f4        0x4 C:\u-boot-2009.11-cloud\lib_generic\libgeneric.a(crc32.o)
 .got2          0x00000000110405f8        0x0 C:\u-boot-2009.11-cloud\lib_generic\libgeneric.a(ctype.o)
 .got2          0x00000000110405f8       0x2c C:\u-boot-2009.11-cloud\lib_generic\libgeneric.a(display_options.o)
 .got2          0x0000000011040624       0x1c C:\u-boot-2009.11-cloud\lib_generic\libgeneric.a(gunzip.o)
 .got2          0x0000000011040640        0x4 C:\u-boot-2009.11-cloud\lib_generic\libgeneric.a(lmb.o)
 .got2          0x0000000011040644        0x0 C:\u-boot-2009.11-cloud\lib_generic\libgeneric.a(md5.o)
 .got2          0x0000000011040644        0x4 C:\u-boot-2009.11-cloud\lib_generic\libgeneric.a(sha1.o)
 .got2          0x0000000011040648        0x4 C:\u-boot-2009.11-cloud\lib_generic\libgeneric.a(string.o)
 .got2          0x000000001104064c        0x8 C:\u-boot-2009.11-cloud\lib_generic\libgeneric.a(strmhz.o)
 .got2          0x0000000011040654       0x14 C:\u-boot-2009.11-cloud\lib_generic\libgeneric.a(vsprintf.o)
 .got2          0x0000000011040668       0x54 C:\u-boot-2009.11-cloud\lib_generic\libgeneric.a(zlib.o)
 .got2          0x00000000110406bc       0x68 C:\u-boot-2009.11-cloud\board\freescale\common\libfreescale.a(sys_eeprom.o)
 .got2          0x0000000011040724        0x8 C:\u-boot-2009.11-cloud\cpu\mpc85xx\libmpc85xx.a(ddr-gen3.o)
 .got2          0x000000001104072c      0x120 C:\u-boot-2009.11-cloud\cpu\mpc85xx\libmpc85xx.a(fdt.o)
 .got2          0x000000001104084c       0x54 C:\u-boot-2009.11-cloud\cpu\mpc85xx\libmpc85xx.a(cpu.o)
 .got2          0x00000000110408a0        0x0 C:\u-boot-2009.11-cloud\cpu\mpc85xx\libmpc85xx.a(interrupts.o)
 .got2          0x00000000110408a0       0x20 C:\u-boot-2009.11-cloud\cpu\mpc85xx\libmpc85xx.a(speed.o)
 .got2          0x00000000110408c0       0x1c C:\u-boot-2009.11-cloud\lib_ppc\libppc.a(bootm.o)
 .got2          0x00000000110408dc        0x0 C:\u-boot-2009.11-cloud\lib_ppc\libppc.a(cache.o)
 .got2          0x00000000110408dc       0x44 C:\u-boot-2009.11-cloud\drivers\mtd\nand\libnand.a(nand_util.o)
 .got2          0x0000000011040920        0x0 C:\u-boot-2009.11-cloud\drivers\mtd\spi\libspi_flash.a(spi_flash.o)
 .got2          0x0000000011040920       0x14 C:\u-boot-2009.11-cloud\drivers\mtd\spi\libspi_flash.a(spansion.o)
 .got2          0x0000000011040934       0xa0 C:\u-boot-2009.11-cloud\drivers\net\libnet.a(tsec.o)
 .got2          0x00000000110409d4        0x0 C:\u-boot-2009.11-cloud\drivers\net\libnet.a(vsc7385.o)
 .got2          0x00000000110409d4        0xc C:\u-boot-2009.11-cloud\cpu\mpc8xxx\lib8xxx.a(fdt.o)
 .got2          0x00000000110409e0        0x8 C:\u-boot-2009.11-cloud\drivers\rtc\librtc.a(date.o)
 .got2          0x00000000110409e8       0x10 C:\u-boot-2009.11-cloud\drivers\rtc\librtc.a(ds1337.o)
 .got2          0x00000000110409f8        0x4 C:\u-boot-2009.11-cloud\drivers\serial\libserial.a(serial.o)
 .got2          0x00000000110409fc        0x0 C:\u-boot-2009.11-cloud\drivers\serial\libserial.a(ns16550.o)
 .got2          0x00000000110409fc        0x0 C:\u-boot-2009.11-cloud\lib_generic\libgeneric.a(div64.o)
 .got2          0x00000000110409fc        0x0 C:\Cross_Tools\4.3.2\libgcc.a(_lshrdi3.o)
 .got2          0x00000000110409fc        0x0 C:\Cross_Tools\4.3.2\libgcc.a(_ashldi3.o)
 .got2          0x00000000110409fc        0x0 C:\Cross_Tools\4.3.2\libgcc.a(_ashrdi3.o)
                0x00000000110409fc                _FIXUP_TABLE_ = .
 *(.fixup)
 .fixup         0x00000000110409fc       0x38 C:\u-boot-2009.11-cloud\lib_ppc\libppc.a(board.o)
 .fixup         0x0000000011040a34       0x1c C:\u-boot-2009.11-cloud\drivers\mtd\nand\libnand.a(nand_bbt.o)
 .fixup         0x0000000011040a50       0xdc C:\u-boot-2009.11-cloud\drivers\mtd\nand\libnand.a(nand_ids.o)
 .fixup         0x0000000011040b2c        0xc C:\u-boot-2009.11-cloud\drivers\mtd\nand\libnand.a(fsl_elbc_nand.o)
 .fixup         0x0000000011040b38       0x10 C:\u-boot-2009.11-cloud\common\libcommon.a(cmd_bdinfo.o)
 .fixup         0x0000000011040b48       0x20 C:\u-boot-2009.11-cloud\common\libcommon.a(cmd_boot.o)
 .fixup         0x0000000011040b68       0xc4 C:\u-boot-2009.11-cloud\common\libcommon.a(cmd_bootm.o)
 .fixup         0x0000000011040c2c       0x20 C:\u-boot-2009.11-cloud\common\libcommon.a(cmd_elf.o)
 .fixup         0x0000000011040c4c       0x10 C:\u-boot-2009.11-cloud\common\libcommon.a(cmd_fdt.o)
 .fixup         0x0000000011040c5c       0x30 C:\u-boot-2009.11-cloud\common\libcommon.a(cmd_flash.o)
 .fixup         0x0000000011040c8c       0x44 C:\u-boot-2009.11-cloud\common\libcommon.a(cmd_itest.o)
 .fixup         0x0000000011040cd0       0x30 C:\u-boot-2009.11-cloud\common\libcommon.a(cmd_load.o)
 .fixup         0x0000000011040d00       0x10 C:\u-boot-2009.11-cloud\common\libcommon.a(cmd_mac.o)
 .fixup         0x0000000011040d10       0xa0 C:\u-boot-2009.11-cloud\common\libcommon.a(cmd_mem.o)
 .fixup         0x0000000011040db0      0x118 C:\u-boot-2009.11-cloud\common\libcommon.a(cmd_mii.o)
 .fixup         0x0000000011040ec8       0x10 C:\u-boot-2009.11-cloud\common\libcommon.a(cmd_misc.o)
 .fixup         0x0000000011040ed8       0x10 C:\u-boot-2009.11-cloud\common\libcommon.a(cmd_mp.o)
 .fixup         0x0000000011040ee8       0x20 C:\u-boot-2009.11-cloud\common\libcommon.a(cmd_nand.o)
 .fixup         0x0000000011040f08       0x50 C:\u-boot-2009.11-cloud\common\libcommon.a(cmd_net.o)
 .fixup         0x0000000011040f58       0x50 C:\u-boot-2009.11-cloud\common\libcommon.a(cmd_nvedit.o)
 .fixup         0x0000000011040fa8       0x10 C:\u-boot-2009.11-cloud\common\libcommon.a(cmd_setexpr.o)
 .fixup         0x0000000011040fb8       0x10 C:\u-boot-2009.11-cloud\common\libcommon.a(cmd_sf.o)
 .fixup         0x0000000011040fc8       0x10 C:\u-boot-2009.11-cloud\common\libcommon.a(cmd_source.o)
 .fixup         0x0000000011040fd8       0x60 C:\u-boot-2009.11-cloud\common\libcommon.a(command.o)
 .fixup         0x0000000011041038      0x400 C:\u-boot-2009.11-cloud\common\libcommon.a(dlmalloc.o)
 .fixup         0x0000000011041438        0x4 C:\u-boot-2009.11-cloud\common\libcommon.a(env_sf.o)
 .fixup         0x000000001104143c       0x3c C:\u-boot-2009.11-cloud\common\libcommon.a(hush.o)
 .fixup         0x0000000011041478      0x154 C:\u-boot-2009.11-cloud\common\libcommon.a(image.o)
 .fixup         0x00000000110415cc        0xc C:\u-boot-2009.11-cloud\common\libcommon.a(stdio.o)
 .fixup         0x00000000110415d8       0x2c C:\u-boot-2009.11-cloud\libfdt\libfdt.a(fdt_strerror.o)
 .fixup         0x0000000011041604       0x28 C:\u-boot-2009.11-cloud\lib_generic\libgeneric.a(zlib.o)
 .fixup         0x000000001104162c       0x10 C:\u-boot-2009.11-cloud\cpu\mpc85xx\libmpc85xx.a(speed.o)
 .fixup         0x000000001104163c       0x18 C:\u-boot-2009.11-cloud\drivers\mtd\spi\libspi_flash.a(spansion.o)
 .fixup         0x0000000011041654      0x2b8 C:\u-boot-2009.11-cloud\drivers\net\libnet.a(tsec.o)
 .fixup         0x000000001104190c       0x60 C:\u-boot-2009.11-cloud\drivers\serial\libserial.a(serial.o)
                0x000000000000063f                __got2_entries = ((_FIXUP_TABLE_ - _GOT2_TABLE_) >> 0x2)
                0x00000000000003dc                __fixup_entries = ((. - _FIXUP_TABLE_) >> 0x2)

.data           0x000000001104196c     0x1ee8
 *(.data)
 .data          0x000000001104196c        0x0 start.o
 .data          0x000000001104196c        0x0 C:\u-boot-2009.11-cloud\cpu\mpc85xx\start.o
 .data          0x000000001104196c        0x0 C:\u-boot-2009.11-cloud\cpu\mpc85xx\resetvec.o
 .data          0x000000001104196c        0x0 C:\u-boot-2009.11-cloud\cpu\mpc85xx\libmpc85xx.a(cpu_init.o)
 .data          0x000000001104196c        0x0 C:\u-boot-2009.11-cloud\cpu\mpc85xx\libmpc85xx.a(cpu_init_early.o)
 .data          0x000000001104196c        0x0 C:\u-boot-2009.11-cloud\cpu\mpc85xx\libmpc85xx.a(tlb.o)
 .data          0x000000001104196c        0x0 C:\u-boot-2009.11-cloud\cpu\mpc85xx\libmpc85xx.a(traps.o)
 .data          0x000000001104196c        0x0 C:\u-boot-2009.11-cloud\cpu\mpc85xx\libmpc85xx.a(mp.o)
 .data          0x000000001104196c        0x0 C:\u-boot-2009.11-cloud\cpu\mpc85xx\libmpc85xx.a(release.o)
 .data          0x000000001104196c        0x0 C:\u-boot-2009.11-cloud\lib_ppc\libppc.a(ppcstring.o)
 .data          0x000000001104196c        0x0 C:\u-boot-2009.11-cloud\lib_ppc\libppc.a(board.o)
 .data          0x000000001104196c        0x0 C:\u-boot-2009.11-cloud\lib_ppc\libppc.a(extable.o)
 .data          0x000000001104196c        0x0 C:\u-boot-2009.11-cloud\lib_ppc\libppc.a(interrupts.o)
 .data          0x000000001104196c        0x0 C:\u-boot-2009.11-cloud\lib_ppc\libppc.a(time.o)
 .data          0x000000001104196c        0x0 C:\u-boot-2009.11-cloud\lib_ppc\libppc.a(ticks.o)
 .data          0x000000001104196c        0x0 C:\u-boot-2009.11-cloud\net\libnet.a(eth.o)
 .data          0x000000001104196c        0x0 C:\u-boot-2009.11-cloud\net\libnet.a(net.o)
 .data          0x000000001104196c        0x4 C:\u-boot-2009.11-cloud\net\libnet.a(nfs.o)
 .data          0x0000000011041970        0x0 C:\u-boot-2009.11-cloud\net\libnet.a(rarp.o)
 .data          0x0000000011041970        0xe C:\u-boot-2009.11-cloud\net\libnet.a(tftp.o)
 .data          0x000000001104197e        0x0 C:\u-boot-2009.11-cloud\net\libnet.a(bootp.o)
 *fill*         0x000000001104197e        0x2 00
 .data          0x0000000011041980        0xc C:\u-boot-2009.11-cloud\drivers\i2c\libi2c.a(fsl_i2c.o)
 .data          0x000000001104198c        0x0 C:\u-boot-2009.11-cloud\drivers\misc\libmisc.a(fsl_law.o)
 .data          0x000000001104198c        0x4 C:\u-boot-2009.11-cloud\drivers\mtd\libmtd.a(cfi_flash.o)
 .data          0x0000000011041990        0x0 C:\u-boot-2009.11-cloud\drivers\mtd\nand\libnand.a(nand.o)
 .data          0x0000000011041990      0x520 C:\u-boot-2009.11-cloud\drivers\mtd\nand\libnand.a(nand_base.o)
 .data          0x0000000011041eb0       0x12 C:\u-boot-2009.11-cloud\drivers\mtd\nand\libnand.a(nand_bbt.o)
 .data          0x0000000011041ec2        0x0 C:\u-boot-2009.11-cloud\drivers\mtd\nand\libnand.a(nand_ecc.o)
 .data          0x0000000011041ec2        0x0 C:\u-boot-2009.11-cloud\drivers\mtd\nand\libnand.a(nand_ids.o)
 *fill*         0x0000000011041ec2        0x2 00
 .data          0x0000000011041ec4      0x52c C:\u-boot-2009.11-cloud\drivers\mtd\nand\libnand.a(fsl_elbc_nand.o)
 .data          0x00000000110423f0        0x0 C:\u-boot-2009.11-cloud\drivers\spi\libspi.a(fsl_espi.o)
 .data          0x00000000110423f0      0x4b0 C:\u-boot-2009.11-cloud\cpu\mpc8xxx\lib8xxx.a(cpu.o)
                0x00000000110423f0                cpu_type_list
                0x0000000011042888                cpu_type_unknown
 .data          0x00000000110428a0        0x0 C:\u-boot-2009.11-cloud\common\libcommon.a(cmd_bdinfo.o)
 .data          0x00000000110428a0        0x0 C:\u-boot-2009.11-cloud\common\libcommon.a(cmd_boot.o)
 .data          0x00000000110428a0        0x0 C:\u-boot-2009.11-cloud\common\libcommon.a(cmd_bootm.o)
 .data          0x00000000110428a0        0x0 C:\u-boot-2009.11-cloud\common\libcommon.a(cmd_elf.o)
 .data          0x00000000110428a0       0x25 C:\u-boot-2009.11-cloud\common\libcommon.a(cmd_fdt.o)
 .data          0x00000000110428c5        0x0 C:\u-boot-2009.11-cloud\common\libcommon.a(cmd_flash.o)
 .data          0x00000000110428c5        0x0 C:\u-boot-2009.11-cloud\common\libcommon.a(cmd_itest.o)
 *fill*         0x00000000110428c5        0x3 00
 .data          0x00000000110428c8        0x4 C:\u-boot-2009.11-cloud\common\libcommon.a(cmd_load.o)
 .data          0x00000000110428cc        0x0 C:\u-boot-2009.11-cloud\common\libcommon.a(cmd_mac.o)
 .data          0x00000000110428cc        0x0 C:\u-boot-2009.11-cloud\common\libcommon.a(cmd_mem.o)
 .data          0x00000000110428cc        0x0 C:\u-boot-2009.11-cloud\common\libcommon.a(cmd_mii.o)
 .data          0x00000000110428cc        0x0 C:\u-boot-2009.11-cloud\common\libcommon.a(cmd_misc.o)
 .data          0x00000000110428cc        0x0 C:\u-boot-2009.11-cloud\common\libcommon.a(cmd_mp.o)
 .data          0x00000000110428cc        0x0 C:\u-boot-2009.11-cloud\common\libcommon.a(cmd_nand.o)
 .data          0x00000000110428cc        0x0 C:\u-boot-2009.11-cloud\common\libcommon.a(cmd_net.o)
 .data          0x00000000110428cc        0x4 C:\u-boot-2009.11-cloud\common\libcommon.a(cmd_nvedit.o)
 .data          0x00000000110428d0        0x0 C:\u-boot-2009.11-cloud\common\libcommon.a(cmd_setexpr.o)
 .data          0x00000000110428d0        0x0 C:\u-boot-2009.11-cloud\common\libcommon.a(cmd_sf.o)
 .data          0x00000000110428d0        0x0 C:\u-boot-2009.11-cloud\common\libcommon.a(cmd_source.o)
 .data          0x00000000110428d0        0x0 C:\u-boot-2009.11-cloud\common\libcommon.a(command.o)
 .data          0x00000000110428d0        0x0 C:\u-boot-2009.11-cloud\common\libcommon.a(console.o)
 .data          0x00000000110428d0        0xc C:\u-boot-2009.11-cloud\common\libcommon.a(dlmalloc.o)
 .data          0x00000000110428dc      0x9e1 C:\u-boot-2009.11-cloud\common\libcommon.a(env_common.o)
                0x00000000110428dc                default_environment
 .data          0x00000000110432bd        0x0 C:\u-boot-2009.11-cloud\common\libcommon.a(env_sf.o)
 .data          0x00000000110432bd        0x0 C:\u-boot-2009.11-cloud\common\libcommon.a(exports.o)
 .data          0x00000000110432bd        0x0 C:\u-boot-2009.11-cloud\common\libcommon.a(fdt_support.o)
 .data          0x00000000110432bd        0x0 C:\u-boot-2009.11-cloud\common\libcommon.a(flash.o)
 .data          0x00000000110432bd        0x0 C:\u-boot-2009.11-cloud\common\libcommon.a(hush.o)
 .data          0x00000000110432bd        0x0 C:\u-boot-2009.11-cloud\common\libcommon.a(image.o)
 *fill*         0x00000000110432bd        0x3 00
 .data          0x00000000110432c0       0x14 C:\u-boot-2009.11-cloud\common\libcommon.a(main.o)
 .data          0x00000000110432d4        0x0 C:\u-boot-2009.11-cloud\common\libcommon.a(miiphyutil.o)
 .data          0x00000000110432d4        0x0 C:\u-boot-2009.11-cloud\common\libcommon.a(s_record.o)
 .data          0x00000000110432d4        0x0 C:\u-boot-2009.11-cloud\common\libcommon.a(serial.o)
 .data          0x00000000110432d4        0x0 C:\u-boot-2009.11-cloud\common\libcommon.a(stdio.o)
 .data          0x00000000110432d4        0x0 C:\u-boot-2009.11-cloud\libfdt\libfdt.a(fdt.o)
 .data          0x00000000110432d4        0x0 C:\u-boot-2009.11-cloud\libfdt\libfdt.a(fdt_ro.o)
 .data          0x00000000110432d4        0x0 C:\u-boot-2009.11-cloud\libfdt\libfdt.a(fdt_rw.o)
 .data          0x00000000110432d4        0x0 C:\u-boot-2009.11-cloud\libfdt\libfdt.a(fdt_strerror.o)
 .data          0x00000000110432d4        0x0 C:\u-boot-2009.11-cloud\libfdt\libfdt.a(fdt_wip.o)
 .data          0x00000000110432d4        0x0 C:\u-boot-2009.11-cloud\board\freescale\p1_p2_rdb\libp1_p2_rdb.a(p1_p2_rdb.o)
 .data          0x00000000110432d4      0x180 C:\u-boot-2009.11-cloud\board\freescale\p1_p2_rdb\libp1_p2_rdb.a(ddr.o)
                0x00000000110432d4                ddr_cfg_regs_400
                0x0000000011043334                ddr_cfg_regs_533
                0x0000000011043394                ddr_cfg_regs_667
                0x00000000110433f4                ddr_cfg_regs_800
 .data          0x0000000011043454       0x30 C:\u-boot-2009.11-cloud\board\freescale\p1_p2_rdb\libp1_p2_rdb.a(law.o)
                0x0000000011043454                law_table
 .data          0x0000000011043484       0xf0 C:\u-boot-2009.11-cloud\board\freescale\p1_p2_rdb\libp1_p2_rdb.a(tlb.o)
                0x0000000011043484                tlb_table
 .data          0x0000000011043574        0x0 C:\u-boot-2009.11-cloud\lib_generic\libgeneric.a(crc32.o)
 .data          0x0000000011043574      0x100 C:\u-boot-2009.11-cloud\lib_generic\libgeneric.a(ctype.o)
                0x0000000011043574                _ctype
 .data          0x0000000011043674        0x0 C:\u-boot-2009.11-cloud\lib_generic\libgeneric.a(display_options.o)
 .data          0x0000000011043674        0x0 C:\u-boot-2009.11-cloud\lib_generic\libgeneric.a(gunzip.o)
 .data          0x0000000011043674        0x0 C:\u-boot-2009.11-cloud\lib_generic\libgeneric.a(lmb.o)
 .data          0x0000000011043674        0x0 C:\u-boot-2009.11-cloud\lib_generic\libgeneric.a(md5.o)
 .data          0x0000000011043674        0x0 C:\u-boot-2009.11-cloud\lib_generic\libgeneric.a(sha1.o)
 .data          0x0000000011043674        0x0 C:\u-boot-2009.11-cloud\lib_generic\libgeneric.a(string.o)
 .data          0x0000000011043674        0x0 C:\u-boot-2009.11-cloud\lib_generic\libgeneric.a(strmhz.o)
 .data          0x0000000011043674        0x0 C:\u-boot-2009.11-cloud\lib_generic\libgeneric.a(vsprintf.o)
 .data          0x0000000011043674        0x0 C:\u-boot-2009.11-cloud\lib_generic\libgeneric.a(zlib.o)
 .data          0x0000000011043674        0x0 C:\u-boot-2009.11-cloud\board\freescale\common\libfreescale.a(sys_eeprom.o)
 .data          0x0000000011043674        0x0 C:\u-boot-2009.11-cloud\cpu\mpc85xx\libmpc85xx.a(ddr-gen3.o)